###############################################################################
#
# IAR ELF Linker V7.80.3.12102/W32 for ARM                31/May/2019  15:07:37
# Copyright 2007-2016 IAR Systems AB.
#
#    Output file  =  
#        D:\work\$PROJECTS\prj_tech_embedded\IAP\Debug\Exe\IAP_01.out.tmp
#    Map file     =  
#        D:\work\$PROJECTS\prj_tech_embedded\IAP\Debug\List\IAP_01.map
#    Command line =  
#        D:\work\$PROJECTS\prj_tech_embedded\IAP\Debug\Obj\AdvClasses.o
#        D:\work\$PROJECTS\prj_tech_embedded\IAP\Debug\Obj\Classes.o
#        D:\work\$PROJECTS\prj_tech_embedded\IAP\Debug\Obj\Init.o
#        D:\work\$PROJECTS\prj_tech_embedded\IAP\Debug\Obj\interrupts.o
#        D:\work\$PROJECTS\prj_tech_embedded\IAP\Debug\Obj\main.o
#        D:\work\$PROJECTS\prj_tech_embedded\IAP\Debug\Obj\PowerMetr.o
#        D:\work\$PROJECTS\prj_tech_embedded\IAP\Debug\Obj\stm32l1100__it.o
#        D:\work\$PROJECTS\prj_tech_embedded\IAP\Debug\Obj\system_stm32f10x.o
#        -o D:\work\$PROJECTS\prj_tech_embedded\IAP\Debug\Exe\IAP_01.out.tmp
#        --redirect _Printf=_PrintfFull --redirect _Scanf=_ScanfFullNoMb --map
#        D:\work\$PROJECTS\prj_tech_embedded\IAP\Debug\List\IAP_01.map --config
#        D:\work\$PROJECTS\prj_tech_embedded\IAP\lib\IAP_01.icf --semihosting
#        --entry __iar_program_start --vfe
#
###############################################################################

*******************************************************************************
*** RUNTIME MODEL ATTRIBUTES
***

CppFlavor                     = *
__CPP_Language                = EC++
__Heap_Handler                = DLMalloc
__SystemLibrary               = DLib
__dlib_dynamic_initialization = normal


*******************************************************************************
*** PLACEMENT SUMMARY
***

"A0":  place at 0x08000000 { ro section .intvec };
"P1":  place in [from 0x08000000 to 0x0800e400] { ro };
"P2":  place in [from 0x20000000 to 0x20001fff] { rw, block CSTACK, block HEAP };
initialize by copy { rw };

  Section             Kind        Address    Size  Object
  -------             ----        -------    ----  ------
"A0":                                       0x160
  .intvec             const    0x08000000   0x120  AdvClasses.o [1]
  .intvec             ro code  0x08000120    0x40  vector_table_M.o [6]
                             - 0x08000160   0x160

"P1":                                      0x4bcc
  .text               ro code  0x08000160  0x1ec4  AdvClasses.o [1]
  .text               ro code  0x08002024    0x40  AdvClasses.o [1]
  .text               ro code  0x08002064    0x58  cxxabi.o [4]
  .text               ro code  0x080020bc     0xa  AdvClasses.o [1]
  .rodata             const    0x080020c6     0x2  AdvClasses.o [1]
  .text               ro code  0x080020c8    0xb8  AdvClasses.o [1]
  .text               ro code  0x08002180    0x16  AdvClasses.o [1]
  .text               ro code  0x08002196    0x18  AdvClasses.o [1]
  .text               ro code  0x080021ae     0x2  AdvClasses.o [1]
  .text               ro code  0x080021b0    0x76  ABImemcpy_unaligned.o [6]
  .text               ro code  0x08002226    0x16  AdvClasses.o [1]
  .text               ro code  0x0800223c    0x20  AdvClasses.o [1]
  .text               ro code  0x0800225c     0xe  AdvClasses.o [1]
  .text               ro code  0x0800226a    0x44  AdvClasses.o [1]
  .text               ro code  0x080022ae     0x4  AdvClasses.o [1]
  .text               ro code  0x080022b2    0x32  AdvClasses.o [1]
  .text               ro code  0x080022e4   0x1a2  DblMul.o [5]
  .text               ro code  0x08002486     0x2  vector_table_M.o [6]
  .text               ro code  0x08002488    0x20  DblCmpEq.o [5]
  .text               ro code  0x080024a8   0x256  DblDiv.o [5]
  .rodata             const    0x080026fe     0x1  AdvClasses.o [1]
  .text               ro code  0x08002700    0x4c  DblToI32.o [5]
  .text               ro code  0x0800274c    0x22  AdvClasses.o [1]
  .text               ro code  0x0800276e     0x4  newaop_0.o [4]
  .text               ro code  0x08002772     0x4  delaop_0.o [4]
  .text               ro code  0x08002778    0x2e  I32ToFlt.o [5]
  .text               ro code  0x080027a8    0x24  FltCmpLe.o [5]
  .text               ro code  0x080027cc    0x10  AdvClasses.o [1]
  .text               ro code  0x080027dc    0x12  AdvClasses.o [1]
  .text               ro code  0x080027ee    0x32  AdvClasses.o [1]
  .text               ro code  0x08002820    0xd8  FltMul.o [5]
  .text               ro code  0x080028f8    0x24  FltCmpGe.o [5]
  .text               ro code  0x0800291c    0xe6  FltSub.o [5]
  .text               ro code  0x08002a04    0x24  newop_0.o [4]
  .text               ro code  0x08002a28     0xe  AdvClasses.o [1]
  .text               ro code  0x08002a36    0x56  AdvClasses.o [1]
  .text               ro code  0x08002a8c    0x44  AdvClasses.o [1]
  .text               ro code  0x08002ad0    0x38  AdvClasses.o [1]
  .text               ro code  0x08002b08    0x2c  AdvClasses.o [1]
  .text               ro code  0x08002b34    0x3a  AdvClasses.o [1]
  .text               ro code  0x08002b6e    0x58  AdvClasses.o [1]
  .text               ro code  0x08002bc6    0x16  AdvClasses.o [1]
  .text               ro code  0x08002bdc    0x12  AdvClasses.o [1]
  .text               ro code  0x08002bee    0x1a  AdvClasses.o [1]
  .text               ro code  0x08002c08    0x44  AdvClasses.o [1]
  .text               ro code  0x08002c4c    0x1c  I32ToDbl.o [5]
  .text               ro code  0x08002c68    0x4e  FltToDbl.o [5]
  .text               ro code  0x08002cb8    0x90  DblToFlt.o [5]
  .text               ro code  0x08002d48    0xfc  FltDiv.o [5]
  .text               ro code  0x08002e44    0x1c  FltCmpEq.o [5]
  .text               ro code  0x08002e60     0xc  cstartup_M.o [6]
  .text               ro code  0x08002e6c    0x94  cppinit.o [3]
  .text               ro code  0x08002f00    0x16  AdvClasses.o [1]
  .text               ro code  0x08002f16    0x16  AdvClasses.o [1]
  .text               ro code  0x08002f2c    0x10  AdvClasses.o [1]
  .text               ro code  0x08002f3c     0xc  AdvClasses.o [1]
  .text               ro code  0x08002f48   0x238  string.o [4]
  .text               ro code  0x08003180    0x34  AdvClasses.o [1]
  .text               ro code  0x080031b4     0xc  AdvClasses.o [1]
  .text               ro code  0x080031c0     0x4  AdvClasses.o [1]
  .text               ro code  0x080031c4     0x4  AdvClasses.o [1]
  .text               ro code  0x080031c8     0x8  AdvClasses.o [1]
  .text               ro code  0x080031d0     0x4  AdvClasses.o [1]
  .text               ro code  0x080031d4     0x4  AdvClasses.o [1]
  .text               ro code  0x080031d8    0x18  AdvClasses.o [1]
  .text               ro code  0x080031f0     0xa  delop_0.o [4]
  .text               ro code  0x080031fc    0x1c  AdvClasses.o [1]
  .text               ro code  0x08003218     0x4  AdvClasses.o [1]
  .text               ro code  0x0800321c     0x4  AdvClasses.o [1]
  .text               ro code  0x08003220    0x84  FltAdd.o [5]
  .text               ro code  0x080032a4     0x4  nomemory.o [4]
  .text               ro code  0x080032a8  0x14f4  dlmalloc.o [3]
  .text               ro code  0x0800479c     0xa  AdvClasses.o [1]
  .text               ro code  0x080047a6    0x22  AdvClasses.o [1]
  .text               ro code  0x080047c8     0x2  AdvClasses.o [1]
  .text               ro code  0x080047ca     0xc  AdvClasses.o [1]
  .text               ro code  0x080047d6     0x4  AdvClasses.o [1]
  .text               ro code  0x080047da     0x4  AdvClasses.o [1]
  .text               ro code  0x080047de     0x8  AdvClasses.o [1]
  .text               ro code  0x080047e6    0x1e  AdvClasses.o [1]
  .text               ro code  0x08004804    0x2e  AdvClasses.o [1]
  .text               ro code  0x08004832     0xc  AdvClasses.o [1]
  .text               ro code  0x0800483e     0x4  AdvClasses.o [1]
  .text               ro code  0x08004842     0x4  AdvClasses.o [1]
  .text               ro code  0x08004846     0x8  AdvClasses.o [1]
  .text               ro code  0x08004850    0x1a  cmain.o [6]
  .text               ro code  0x0800486a     0xc  AdvClasses.o [1]
  .text               ro code  0x08004876     0x4  string1.o [4]
  .text               ro code  0x0800487a     0xe  AdvClasses.o [1]
  .text               ro code  0x08004888     0xe  AdvClasses.o [1]
  .text               ro code  0x08004898    0x78  ABImemmove_unaligned.o [6]
  .text               ro code  0x08004910     0x8  AdvClasses.o [1]
  .text               ro code  0x08004918     0xc  AdvClasses.o [1]
  .text               ro code  0x08004924     0x6  abort.o [3]
  .text               ro code  0x0800492c    0x2c  xgetmemchunk.o [3]
  .text               ro code  0x08004958     0x6  AdvClasses.o [1]
  .text               ro code  0x0800495e    0x16  AdvClasses.o [1]
  .text               ro code  0x08004974     0x4  low_level_init.o [3]
  .text               ro code  0x08004978    0x28  data_init.o [6]
  .text               ro code  0x080049a0     0x4  exit.o [3]
  .text               ro code  0x080049a4    0x36  strlen.o [6]
  .text               ro code  0x080049dc    0x14  exit.o [7]
  .text               ro code  0x080049f0     0xe  cexit.o [6]
  .text               ro code  0x08004a00    0x50  AdvClasses.o [1]
  .text               ro code  0x08004a50     0xe  AdvClasses.o [1]
  .text               ro code  0x08004a5e     0xe  AdvClasses.o [1]
  .text               ro code  0x08004a6c     0xc  AdvClasses.o [1]
  .text               ro code  0x08004a78    0x20  AdvClasses.o [1]
  .text               ro code  0x08004a98    0x20  AdvClasses.o [1]
  .text               ro code  0x08004ab8     0x2  AdvClasses.o [1]
  .text               ro code  0x08004aba    0x34  AdvClasses.o [1]
  .text               ro code  0x08004aee    0x3c  AdvClasses.o [1]
  .text               ro code  0x08004b2a     0x4  AdvClasses.o [1]
  .text               ro code  0x08004b2e     0x8  AdvClasses.o [1]
  .text               ro code  0x08004b36     0x4  AdvClasses.o [1]
  .text               ro code  0x08004b3a     0x8  AdvClasses.o [1]
  .text               ro code  0x08004b42     0xe  AdvClasses.o [1]
  .text               ro code  0x08004b50    0x40  zero_init3.o [6]
  .text               ro code  0x08004b90    0x34  AdvClasses.o [1]
  .text               ro code  0x08004bc4     0x4  AdvClasses.o [1]
  .text               ro code  0x08004bc8     0x8  AdvClasses.o [1]
  .rodata             const    0x08004bd0    0x30  AdvClasses.o [1]
  .text               ro code  0x08004c00    0x2c  copy_init3.o [6]
  .iar.init_table     const    0x08004c2c    0x28  - Linker created -
  .text               ro code  0x08004c54    0x20  AdvClasses.o [1]
  .text               ro code  0x08004c74    0x20  cmain_call_ctors.o [6]
  .rodata             const    0x08004c94    0x14  AdvClasses.o [1]
  .rodata             const    0x08004ca8    0x14  AdvClasses.o [1]
  .rodata             const    0x08004cbc    0x14  AdvClasses.o [1]
  .rodata             const    0x08004cd0    0x14  AdvClasses.o [1]
  Initializer bytes   const    0x08004ce4    0x10  <for P2-1>
  .text               ro code  0x08004cf4     0xe  AdvClasses.o [1]
  .rodata             const    0x08004d04     0xc  AdvClasses.o [1]
  .rodata             const    0x08004d10     0xc  AdvClasses.o [1]
  .rodata             const    0x08004d1c     0x4  AdvClasses.o [1]
  .rodata             const    0x08004d20     0x4  string.o [4]
  .text               ro code  0x08004d24     0x4  xpurevirtual.o [3]
  SHT$$PREINIT_ARRAY           0x08004d28     0x0  <Block>
  SHT$$INIT_ARRAY              0x08004d28     0x4  <Block>
    .init_array       const    0x08004d28     0x4  AdvClasses.o [1]
  .text               ro code  0x08004d2c     0x0  cstart_call_dtors.o [6]
  .rodata             const    0x08004d2c     0x0  zero_init3.o [6]
  .rodata             const    0x08004d2c     0x0  copy_init3.o [6]
                             - 0x08004d2c  0x4bcc

Absolute sections, part 1 of 6:              0x50
  .rodata             const    0x0800e800    0x50  AdvClasses.o [1]
                             - 0x0800e850    0x50

Absolute sections, part 2 of 6:              0x50
  .rodata             const    0x0800ec00    0x50  AdvClasses.o [1]
                             - 0x0800ec50    0x50

Absolute sections, part 3 of 6:               0x8
  .rodata             const    0x0800f000     0x8  AdvClasses.o [1]
                             - 0x0800f008     0x8

Absolute sections, part 4 of 6:               0x8
  .rodata             const    0x0800f400     0x8  AdvClasses.o [1]
                             - 0x0800f408     0x8

Absolute sections, part 5 of 6:              0x34
  .rodata             const    0x0800f800    0x34  AdvClasses.o [1]
                             - 0x0800f834    0x34

Absolute sections, part 6 of 6:              0x34
  .rodata             const    0x0800fc00    0x34  AdvClasses.o [1]
                             - 0x0800fc34    0x34

"P2", part 1 of 3:                           0x10
  P2-1                         0x20000000    0x10  <Init block>
    .data             inited   0x20000000     0x8  AdvClasses.o [1]
    .data             inited   0x20000008     0x4  AdvClasses.o [1]
    .data             inited   0x2000000c     0x4  AdvClasses.o [1]
                             - 0x20000010    0x10

"P2", part 2 of 3:                         0x1b48
  .iar.dynexit                 0x20000010   0x1e0  <Block>
    .iar.dynexit      uninit   0x20000010     0xc  cppinit.o [3]
    .iar.dynexit      uninit   0x2000001c   0x1d4  <Block tail>
  CSTACK                       0x200001f0   0x5dc  <Block>
    CSTACK            uninit   0x200001f0   0x5dc  <Block tail>
  HEAP                         0x200007d0  0x1388  <Block>
    HEAP              uninit   0x200007d0  0x1388  <Block tail>
                             - 0x20001b58  0x1b48

"P2", part 3 of 3:                          0x408
  .bss                zero     0x20001b58   0x1d8  dlmalloc.o [3]
  .bss                zero     0x20001d30    0xe0  AdvClasses.o [1]
  .bss                zero     0x20001e10    0x60  AdvClasses.o [1]
  .bss                zero     0x20001e70    0x24  AdvClasses.o [1]
  .bss                zero     0x20001e94    0x1c  AdvClasses.o [1]
  .bss                zero     0x20001eb0    0x18  dlmalloc.o [3]
  .bss                zero     0x20001ec8    0x14  AdvClasses.o [1]
  .bss                zero     0x20001edc    0x14  AdvClasses.o [1]
  .bss                zero     0x20001ef0     0xc  AdvClasses.o [1]
  .bss                zero     0x20001efc     0xc  AdvClasses.o [1]
  .bss                zero     0x20001f08     0x8  AdvClasses.o [1]
  .bss                zero     0x20001f10     0x4  AdvClasses.o [1]
  .bss                zero     0x20001f14     0x4  AdvClasses.o [1]
  .bss                zero     0x20001f18     0x4  AdvClasses.o [1]
  .bss                zero     0x20001f1c     0x4  AdvClasses.o [1]
  .bss                zero     0x20001f20     0x4  AdvClasses.o [1]
  .bss                zero     0x20001f24     0x4  AdvClasses.o [1]
  .bss                zero     0x20001f28     0x4  AdvClasses.o [1]
  .bss                zero     0x20001f2c     0x4  AdvClasses.o [1]
  .bss                zero     0x20001f30     0x4  AdvClasses.o [1]
  .bss                zero     0x20001f34     0x4  AdvClasses.o [1]
  .bss                zero     0x20001f38     0x4  AdvClasses.o [1]
  .bss                zero     0x20001f3c     0x4  AdvClasses.o [1]
  .bss                zero     0x20001f40     0x4  AdvClasses.o [1]
  .bss                zero     0x20001f44     0x4  cppinit.o [3]
  .bss                zero     0x20001f48     0x4  cppinit.o [3]
  .bss                zero     0x20001f4c     0x4  new.o [4]
  .bss                zero     0x20001f50     0x4  xgetmemchunk.o [3]
  .bss                zero     0x20001f54     0x1  AdvClasses.o [1]
  .bss                zero     0x20001f55     0x1  AdvClasses.o [1]
  .bss                zero     0x20001f56     0x1  AdvClasses.o [1]
  .bss                zero     0x20001f57     0x1  AdvClasses.o [1]
  .bss                zero     0x20001f58     0x1  AdvClasses.o [1]
  .bss                zero     0x20001f59     0x1  AdvClasses.o [1]
  .bss                zero     0x20001f5a     0x1  AdvClasses.o [1]
  .bss                zero     0x20001f5b     0x1  AdvClasses.o [1]
  .bss                zero     0x20001f5c     0x1  AdvClasses.o [1]
                             - 0x20001f5d   0x405


*******************************************************************************
*** INIT TABLE
***

          Address     Size
          -------     ----
Zero (__iar_zero_init3)
    1 destination range, total size 0x405:
          0x20001b58  0x405

Copy (__iar_copy_init3)
    1 source range, total size 0x10:
          0x08004ce4   0x10
    1 destination range, total size 0x10:
          0x20000000   0x10

Extra (__iar_cstart_call_ctors)



*******************************************************************************
*** MODULE SUMMARY
***

    Module                  ro code  ro data  rw data  ro data
                                                        (abs)
    ------                  -------  -------  -------  -------
D:\work\$PROJECTS\prj_tech_embedded\IAP\Debug\Obj: [1]
    AdvClasses.o              9 970      467      533      280
    ----------------------------------------------------------
    Total:                    9 970      467      533      280

command line: [2]
    ----------------------------------------------------------
    Total:

dl7M_tln.a: [3]
    abort.o                       6
    cppinit.o                   148                20
    dlmalloc.o                5 364               496
    exit.o                        4
    low_level_init.o              4
    xgetmemchunk.o               44                 4
    xpurevirtual.o                4
    ----------------------------------------------------------
    Total:                    5 574               520

dlpp7M_tl_ne.a: [4]
    cxxabi.o                     88
    delaop_0.o                    4
    delop_0.o                    10
    new.o                                           4
    newaop_0.o                    4
    newop_0.o                    36
    nomemory.o                    4
    string.o                    568        4
    string1.o                     4
    ----------------------------------------------------------
    Total:                      718        4        4

m7M_tl.a: [5]
    DblCmpEq.o                   32
    DblDiv.o                    598
    DblMul.o                    418
    DblToFlt.o                  144
    DblToI32.o                   76
    FltAdd.o                    132
    FltCmpEq.o                   28
    FltCmpGe.o                   36
    FltCmpLe.o                   36
    FltDiv.o                    252
    FltMul.o                    216
    FltSub.o                    230
    FltToDbl.o                   78
    I32ToDbl.o                   28
    I32ToFlt.o                   46
    ----------------------------------------------------------
    Total:                    2 350

rt7M_tl.a: [6]
    ABImemcpy_unaligned.o       118
    ABImemmove_unaligned.o      120
    cexit.o                      14
    cmain.o                      26
    cmain_call_ctors.o           32
    copy_init3.o                 44
    cstart_call_dtors.o
    cstartup_M.o                 12
    data_init.o                  40
    strlen.o                     54
    vector_table_M.o             66
    zero_init3.o                 64
    ----------------------------------------------------------
    Total:                      590

shb_l.a: [7]
    exit.o                       20
    ----------------------------------------------------------
    Total:                       20

    Gaps                         21        2
    Linker created                        40    6 968
--------------------------------------------------------------
    Grand Total:             19 243      513    8 025      280


*******************************************************************************
*** ENTRY LIST
***

Entry                      Address   Size  Type      Object
-----                      -------   ----  ----      ------
.iar.dynexit$$Base      0x20000010          --   Gb  - Linker created -
.iar.dynexit$$Limit     0x200001f0          --   Gb  - Linker created -
.iar.init_table$$Base   0x08004c2c          --   Gb  - Linker created -
.iar.init_table$$Limit  0x08004c54          --   Gb  - Linker created -
?main                   0x08004851         Code  Gb  cmain.o [6]
ADC1_IRQHandler()       0x0800103f  0x15e  Code  Gb  AdvClasses.o [1]
ADC_Counter             0x20001f14    0x4  Data  Gb  AdvClasses.o [1]
AKB                     0x20001e10   0x60  Data  Gb  AdvClasses.o [1]
AdcMultiplier           0x20000008    0x4  Data  Gb  AdvClasses.o [1]
AdcStartEnable          0x20001f56    0x1  Data  Gb  AdvClasses.o [1]
AppPowerState           0x20001f57    0x1  Data  Gb  AdvClasses.o [1]
BaseCmd                 0x20001d30   0xe0  Data  Gb  AdvClasses.o [1]
Batt                    0x20001f3c    0x4  Data  Gb  AdvClasses.o [1]
Bit_Counter             0x20001f5a    0x1  Data  Gb  AdvClasses.o [1]
BusFault_Handler()      0x08001fa3    0x2  Code  Gb  AdvClasses.o [1]
CALIBR_PARAMS           0x0800f800   0x34  Data  Gb  AdvClasses.o [1]
CEC_IRQHandler()        0x08001f9f    0x2  Code  Wk  AdvClasses.o [1]
CH_MASK                 0x20000000    0x8  Data  Gb  AdvClasses.o [1]
CMDmessages             0x20001edc   0x14  Data  Gb  AdvClasses.o [1]
CSTACK$$Base            0x200001f0          --   Gb  - Linker created -
CSTACK$$Limit           0x200007cc          --   Gb  - Linker created -
Color_Indicate          0x20001f59    0x1  Data  Gb  AdvClasses.o [1]
DMA1_Channel1_IRQHandler()
                        0x08001f9f    0x2  Code  Wk  AdvClasses.o [1]
DMA1_Channel2_IRQHandler()
                        0x08001f9f    0x2  Code  Wk  AdvClasses.o [1]
DMA1_Channel3_IRQHandler()
                        0x08001f9f    0x2  Code  Wk  AdvClasses.o [1]
DMA1_Channel4_IRQHandler()
                        0x08001f9f    0x2  Code  Wk  AdvClasses.o [1]
DMA1_Channel5_IRQHandler()
                        0x08001f9f    0x2  Code  Wk  AdvClasses.o [1]
DMA1_Channel6_IRQHandler()
                        0x08001f9f    0x2  Code  Wk  AdvClasses.o [1]
DMA1_Channel7_IRQHandler()
                        0x08001f9f    0x2  Code  Wk  AdvClasses.o [1]
DebugMon_Handler()      0x08001fa9    0x2  Code  Gb  AdvClasses.o [1]
Do_STATE_CHARGE()       0x08001669   0xf2  Code  Gb  AdvClasses.o [1]
Do_STATE_DISCHARGE()    0x080017ed   0x3e  Code  Gb  AdvClasses.o [1]
Do_STATE_FULL_CHARGE()  0x08001769   0x7c  Code  Gb  AdvClasses.o [1]
Do_STATE_FULL_DISCHARGE()
                        0x08001835   0x12  Code  Gb  AdvClasses.o [1]
Do_STATE_PRECHARGE()    0x080015cd   0x8a  Code  Gb  AdvClasses.o [1]
Do_STATE_START()        0x0800157d   0x50  Code  Gb  AdvClasses.o [1]
Do_STATE_STORAGE()      0x0800185d   0x80  Code  Gb  AdvClasses.o [1]
DtorRecArray            0x20000010    0xc  Data  Lc  cppinit.o [3]
EXTI0_IRQHandler()      0x08001f9f    0x2  Code  Wk  AdvClasses.o [1]
EXTI15_10_IRQHandler()  0x08001f9f    0x2  Code  Wk  AdvClasses.o [1]
EXTI1_IRQHandler()      0x08001f9f    0x2  Code  Wk  AdvClasses.o [1]
EXTI2_IRQHandler()      0x08001f9f    0x2  Code  Wk  AdvClasses.o [1]
EXTI3_IRQHandler()      0x08001f9f    0x2  Code  Wk  AdvClasses.o [1]
EXTI4_IRQHandler()      0x08001f9f    0x2  Code  Wk  AdvClasses.o [1]
EXTI9_5_IRQHandler()    0x08001f9f    0x2  Code  Wk  AdvClasses.o [1]
FLASH_GetBank1Status    0x080003ed   0x3a  Code  Gb  AdvClasses.o [1]
FLASH_IRQHandler()      0x08001f9f    0x2  Code  Wk  AdvClasses.o [1]
FLASH_ProgramWord       0x08000507   0x80  Code  Gb  AdvClasses.o [1]
FLASH_WaitForLastOperation
                        0x08000427   0x2e  Code  Gb  AdvClasses.o [1]
HEAP$$Base              0x200007d0          --   Gb  - Linker created -
HEAP$$Limit             0x20001b58          --   Gb  - Linker created -
Hbatt                   0x20001f38    0x4  Data  Gb  AdvClasses.o [1]
I2C1_ER_IRQHandler()    0x08001f9f    0x2  Code  Wk  AdvClasses.o [1]
I2C1_EV_IRQHandler()    0x08001f9f    0x2  Code  Wk  AdvClasses.o [1]
I2C2_ER_IRQHandler()    0x08001f9f    0x2  Code  Wk  AdvClasses.o [1]
I2C2_EV_IRQHandler()    0x08001f9f    0x2  Code  Wk  AdvClasses.o [1]
IDetector::IDetector(unsigned int *, float, unsigned char, unsigned char, float)
                        0x08001d35   0x5c  Code  Gb  AdvClasses.o [1]
IDetector::IDetector(unsigned int *, float, unsigned char, unsigned char, float) [subobject]
                        0x08000161   0x1a  Code  Gb  AdvClasses.o [1]
IParams::IParams(unsigned char, unsigned char, bool)
                        0x08004805   0x2e  Code  Gb  AdvClasses.o [1]
IParams::IParams(unsigned char, unsigned char, bool) [subobject]
                        0x08002bdd   0x12  Code  Gb  AdvClasses.o [1]
Icharge                 0x20001f30    0x4  Data  Gb  AdvClasses.o [1]
Iload                   0x20001f34    0x4  Data  Gb  AdvClasses.o [1]
IndicateLoad_Interrupt()
                        0x080011c1   0xb6  Code  Gb  AdvClasses.o [1]
Indicate_Process()      0x08001465  0x118  Code  Gb  AdvClasses.o [1]
Indicate_Set(unsigned char, bool)
                        0x08001277    0xe  Code  Gb  AdvClasses.o [1]
InitDACProcess()        0x08001981   0x44  Code  Gb  AdvClasses.o [1]
InitLEDProcess()        0x08001931   0x3e  Code  Gb  AdvClasses.o [1]
Init_ADC12()            0x08000d01   0x8e  Code  Gb  AdvClasses.o [1]
Init_Calibr_Flash_Const()
                        0x08000f69   0xd4  Code  Gb  AdvClasses.o [1]
Init_Flash_Const()      0x08000e39   0x62  Code  Gb  AdvClasses.o [1]
Init_OSC()              0x08000c4b   0x56  Code  Gb  AdvClasses.o [1]
Init_Ports()            0x08000bf9   0x52  Code  Gb  AdvClasses.o [1]
Init_PowerMetrManagerObjects()
                        0x080019cd   0x38  Code  Gb  AdvClasses.o [1]
Init_SRAM_Const()       0x0800103d    0x2  Code  Gb  AdvClasses.o [1]
Init_SysTick()          0x08000cef   0x12  Code  Gb  AdvClasses.o [1]
Init_TIM7()             0x08000ca3   0x4c  Code  Gb  AdvClasses.o [1]
Init_Task_Flash_Const()
                        0x08000e9b   0xc8  Code  Gb  AdvClasses.o [1]
Init_WDT()              0x08000ca1    0x2  Code  Gb  AdvClasses.o [1]
Load_Indicate           0x20001f58    0x1  Data  Gb  AdvClasses.o [1]
Load_Indicate_Buffer    0x20001f5b    0x1  Data  Gb  AdvClasses.o [1]
MemManage_Handler()     0x08001fa1    0x2  Code  Gb  AdvClasses.o [1]
OS_Dispatcher           0x20001ec8   0x14  Data  Gb  AdvClasses.o [1]
PARAMS                  0x0800e800   0x50  Data  Gb  AdvClasses.o [1]
PVD_IRQHandler()        0x08001f9f    0x2  Code  Wk  AdvClasses.o [1]
PendSV_Handler()        0x08001fab    0x2  Code  Gb  AdvClasses.o [1]
PowerMetrManager        0x20001f10    0x4  Data  Gb  AdvClasses.o [1]
PowerMetrProcess(void *)
                        0x080018e9   0x3c  Code  Gb  AdvClasses.o [1]
RCC_IRQHandler()        0x08001f9f    0x2  Code  Wk  AdvClasses.o [1]
RTCAlarm_IRQHandler()   0x08001f9f    0x2  Code  Wk  AdvClasses.o [1]
RTC_IRQHandler()        0x08001f9f    0x2  Code  Wk  AdvClasses.o [1]
Region$$Table$$Base     0x08004c2c          --   Gb  - Linker created -
Region$$Table$$Limit    0x08004c54          --   Gb  - Linker created -
Reset_Handler()         0x08001f93    0x8  Code  Gb  AdvClasses.o [1]
SHT$$INIT_ARRAY$$Base   0x08004d28          --   Gb  - Linker created -
SHT$$INIT_ARRAY$$Limit  0x08004d2c          --   Gb  - Linker created -
SHT$$PREINIT_ARRAY$$Base
                        0x08004d28          --   Gb  - Linker created -
SHT$$PREINIT_ARRAY$$Limit
                        0x08004d28          --   Gb  - Linker created -
SPI1_IRQHandler()       0x08001f9f    0x2  Code  Wk  AdvClasses.o [1]
SPI2_IRQHandler()       0x08001f9f    0x2  Code  Wk  AdvClasses.o [1]
SVC_Handler()           0x08001fa7    0x2  Code  Gb  AdvClasses.o [1]
SYSTEM_INIT()           0x08000bcb   0x2e  Code  Gb  AdvClasses.o [1]
SecCount                0x20001f08    0x8  Data  Gb  AdvClasses.o [1]
Start_ADC12()           0x08000d91   0x5a  Code  Gb  AdvClasses.o [1]
Stop_ADC12()            0x08000deb   0x4a  Code  Gb  AdvClasses.o [1]
SysTick_Handler()       0x08001285    0x2  Code  Gb  AdvClasses.o [1]
SystemTime              0x20001e70   0x24  Data  Gb  AdvClasses.o [1]
TAMPER_IRQHandler()     0x08001f9f    0x2  Code  Wk  AdvClasses.o [1]
TASK_PARAMS             0x0800f000    0x8  Data  Gb  AdvClasses.o [1]
TBuffer::ClrBUF(unsigned char *, unsigned short)
                        0x080008a9   0x1e  Code  Gb  AdvClasses.o [1]
TBuffer::IntToString(int, unsigned char)
                        0x080008d1   0xce  Code  Gb  AdvClasses.o [1]
TCmd::~TCmd()           0x08004ab9    0x2  Code  Gb  AdvClasses.o [1]
TCmd::~TCmd() [subobject]
                        0x08004a6d    0xc  Code  Gb  AdvClasses.o [1]
TCmd_msg::TCmd_msg()    0x080020c9   0xb8  Code  Gb  AdvClasses.o [1]
TCmd_msg::TCmd_msg()::string
                        0x080020c6    0x2  Data  Gb  AdvClasses.o [1]
TCmd_msg::TCmd_msg()::string (instance 2)
                        0x080026fe    0x1  Data  Gb  AdvClasses.o [1]
TCmd_msg::~TCmd_msg()   0x08004a01   0x50  Code  Gb  AdvClasses.o [1]
TCurrentDetector::GetSens()
                        0x08001f79   0x1a  Code  Gb  AdvClasses.o [1]
TCurrentDetector::GetValue()
                        0x08001ed5   0x78  Code  Gb  AdvClasses.o [1]
TCurrentDetector::TCurrentDetector(unsigned int *, float, unsigned char, unsigned char, float, float)
                        0x08001e85   0x42  Code  Gb  AdvClasses.o [1]
TDateTime::GetGlobalSeconds()
                        0x08000a5d    0x4  Code  Gb  AdvClasses.o [1]
TDateTime::SetTime(Time)
                        0x08000a31   0x2c  Code  Gb  AdvClasses.o [1]
TDateTime::TDateTime()  0x080009ed   0x42  Code  Gb  AdvClasses.o [1]
TDateTime::~TDateTime()
                        0x08000a2f    0x2  Code  Gb  AdvClasses.o [1]
TDispatcher::CreateProcess(void (*)(void *))
                        0x08000871   0x10  Code  Gb  AdvClasses.o [1]
TDispatcher::Scheduler()
                        0x08000881   0x28  Code  Gb  AdvClasses.o [1]
TDispatcher::TDispatcher()
                        0x0800084f    0xe  Code  Gb  AdvClasses.o [1]
TDispatcher::~TDispatcher()
                        0x0800085d   0x14  Code  Gb  AdvClasses.o [1]
TFastTimer::GetTimValue(unsigned char)
                        0x08002ad1   0x38  Code  Gb  AdvClasses.o [1]
TFastTimer::SetTimer(unsigned char, unsigned int)
                        0x08002a37   0x56  Code  Gb  AdvClasses.o [1]
TFastTimer::TFastTimer(unsigned char, Word64 *)
                        0x08002025   0x40  Code  Gb  AdvClasses.o [1]
TFastTimer::TFastTimer(unsigned char, Word64 *) [subobject]
                        0x08002a29    0xe  Code  Gb  AdvClasses.o [1]
TFastTimer::~TFastTimer()
                        0x080021af    0x2  Code  Gb  AdvClasses.o [1]
TIM1_BRK_TIM15_IRQHandler()
                        0x08001f9f    0x2  Code  Wk  AdvClasses.o [1]
TIM1_CC_IRQHandlerm()   0x08001f9f    0x2  Code  Wk  AdvClasses.o [1]
TIM1_TRG_COM_TIM17_IRQHandler()
                        0x08001f9f    0x2  Code  Wk  AdvClasses.o [1]
TIM1_UP_TIM16_IRQHandler()
                        0x08001f9f    0x2  Code  Wk  AdvClasses.o [1]
TIM2_IRQHandler()       0x08001f9f    0x2  Code  Wk  AdvClasses.o [1]
TIM3_IRQHandler()       0x08001f9f    0x2  Code  Wk  AdvClasses.o [1]
TIM4_IRQHandler()       0x08001f9f    0x2  Code  Wk  AdvClasses.o [1]
TIM6_DAC_IRQHandler()   0x08001f9f    0x2  Code  Wk  AdvClasses.o [1]
TIM7_IRQHandler()       0x0800119d   0x24  Code  Gb  AdvClasses.o [1]
TMP_CALIBR_PARAMS       0x0800fc00   0x34  Data  Gb  AdvClasses.o [1]
TMP_PARAMS              0x0800ec00   0x50  Data  Gb  AdvClasses.o [1]
TMP_TASK_PARAMS         0x0800f400    0x8  Data  Gb  AdvClasses.o [1]
TMamStruct::CalcMinAverMax(float)
                        0x08002b6f   0x58  Code  Gb  AdvClasses.o [1]
TMamStruct::TMamStruct()
                        0x08002bef   0x1a  Code  Gb  AdvClasses.o [1]
TObject::ClrFlashSegment(unsigned char const *)
                        0x08000455   0xb2  Code  Gb  AdvClasses.o [1]
TObject::PtrToBootConstants
                        0x20001f1c    0x4  Data  Gb  AdvClasses.o [1]
TObject::PtrToConstants
                        0x20001f18    0x4  Data  Gb  AdvClasses.o [1]
TObject::RestoreDefault()
                        0x08000315   0xb4  Code  Gb  AdvClasses.o [1]
TObject::RestoreMemParams()
                        0x080002bd   0x54  Code  Gb  AdvClasses.o [1]
TObject::Soft_Reset()   0x0800060d    0x8  Code  Gb  AdvClasses.o [1]
TObject::VerifyMemory(unsigned char const *, unsigned char *, unsigned short)
                        0x08000291   0x2c  Code  Gb  AdvClasses.o [1]
TObject::WriteBufToPage(unsigned char const *, unsigned char *, unsigned short)
                        0x080003c9   0x24  Code  Gb  AdvClasses.o [1]
TObject::WriteByteToFlash_MY(Byte const *, Word, Byte *)::i
                        0x20001f54    0x1  Data  Lc  AdvClasses.o [1]
TObject::WriteByteToFlash_MY(unsigned char const *, unsigned short, unsigned char *)
                        0x08000589   0x84  Code  Gb  AdvClasses.o [1]
TObjectCalibr::CalcCRC(TCalibrListConfig const *)
                        0x08000787   0x2a  Code  Gb  AdvClasses.o [1]
TObjectCalibr::CalibrListConfig
                        0x20001f28    0x4  Data  Gb  AdvClasses.o [1]
TObjectCalibr::RestoreDefault()
                        0x080007b1   0x48  Code  Gb  AdvClasses.o [1]
TObjectCalibr::RestoreMemParams()
                        0x080007f9   0x56  Code  Gb  AdvClasses.o [1]
TObjectCalibr::Save_CalibrConfigInFlash(TCalibrListConfig *)
                        0x08000729   0x5e  Code  Gb  AdvClasses.o [1]
TObjectFunctions::ObjectFunctionsTimer
                        0x20001ef0    0xc  Data  Gb  AdvClasses.o [1]
TObjectTask::CalcCRC(TTaskListConfig const *)
                        0x08000675   0x2a  Code  Gb  AdvClasses.o [1]
TObjectTask::RestoreDefault()
                        0x0800069f   0x38  Code  Gb  AdvClasses.o [1]
TObjectTask::RestoreMemParams()
                        0x080006d7   0x52  Code  Gb  AdvClasses.o [1]
TObjectTask::Save_TaskConfigInFlash(TTaskListConfig *)
                        0x08000615   0x5e  Code  Gb  AdvClasses.o [1]
TObjectTask::TaskListConfig
                        0x20001f24    0x4  Data  Gb  AdvClasses.o [1]
TPowerMetr::TPowerMetr()
                        0x08001cff   0x32  Code  Gb  AdvClasses.o [1]
TPowerMetrManager::FASE_DetectStates()
                        0x08001c09   0xea  Code  Gb  AdvClasses.o [1]
TPowerMetrManager::FASE_DetectStates()::perflg
                        0x20001f5c    0x1  Data  Lc  AdvClasses.o [1]
TPowerMetrManager::FASE_FormingMessageCMD(void *)
                        0x08001cf9    0x6  Code  Gb  AdvClasses.o [1]
TPowerMetrManager::Init(Data_Params const *, TTaskListConfig const *, TCalibrListConfig const *)
                        0x08001a5d  0x192  Code  Gb  AdvClasses.o [1]
TPowerMetrManager::TPowerMetrManager(unsigned short)
                        0x08001a0d   0x2a  Code  Gb  AdvClasses.o [1]
TSimplPtype::TSimplPtype(unsigned char, unsigned char)
                        0x08004959    0x6  Code  Gb  AdvClasses.o [1]
TTimer::GetTimValue(unsigned char)
                        0x08000ae7   0x34  Code  Gb  AdvClasses.o [1]
TTimer::SetTimer(unsigned char, unsigned int)
                        0x08000ab5   0x32  Code  Gb  AdvClasses.o [1]
TTimer::TTimer(unsigned char)
                        0x08000a6d   0x3a  Code  Gb  AdvClasses.o [1]
TTimer::wait_1ms(unsigned short)
                        0x08000b1b   0x16  Code  Gb  AdvClasses.o [1]
TTimer::~TTimer()       0x08000aa7    0xe  Code  Gb  AdvClasses.o [1]
TVoltageDetector::GetValue()
                        0x08001df5   0x78  Code  Gb  AdvClasses.o [1]
TVoltageDetector::TVoltageDetector(unsigned int *, float, unsigned char, unsigned char, float, float)
                        0x08001da1   0x3e  Code  Gb  AdvClasses.o [1]
Tlist<IDetector *>::Tlist()
                        0x08002bc7   0x16  Code  Gb  AdvClasses.o [1]
Tlist<IDetector *>::bump_up_size()
                        0x080047df    0x8  Code  Gb  AdvClasses.o [1]
Tlist<IDetector *>::foreach_next()
                        0x08002b35   0x3a  Code  Gb  AdvClasses.o [1]
Tlist<IDetector *>::operator [](int) const
                        0x080027ef   0x32  Code  Gb  AdvClasses.o [1]
Tlist<IDetector *>::push_back(IDetector *)
                        0x08002a8d   0x44  Code  Gb  AdvClasses.o [1]
Tlist<IDetector *>::set_interator(int)
                        0x08002b09   0x2c  Code  Gb  AdvClasses.o [1]
Tlist<TCmdMessage *>::Tlist()
                        0x08002181   0x16  Code  Gb  AdvClasses.o [1]
Tlist<TCmdMessage *>::bump_down_size()
                        0x08004bc9    0x8  Code  Gb  AdvClasses.o [1]
Tlist<TCmdMessage *>::clear()
                        0x08004c55   0x20  Code  Gb  AdvClasses.o [1]
Tlist<TCmdMessage *>::pop_front()
                        0x08004b91   0x34  Code  Gb  AdvClasses.o [1]
Tlist<TCmdMessage *>::~Tlist()
                        0x08004cf5    0xe  Code  Gb  AdvClasses.o [1]
Tlist<TCmd_msg *>::Tlist()
                        0x08002f17   0x16  Code  Gb  AdvClasses.o [1]
Tlist<TCmd_msg *>::bump_down_size()
                        0x08004b2f    0x8  Code  Gb  AdvClasses.o [1]
Tlist<TCmd_msg *>::clear()
                        0x08004a79   0x20  Code  Gb  AdvClasses.o [1]
Tlist<TCmd_msg *>::pop_front()
                        0x08004abb   0x34  Code  Gb  AdvClasses.o [1]
Tlist<TCmd_msg *>::~Tlist()
                        0x08004a51    0xe  Code  Gb  AdvClasses.o [1]
Tlist<TMamStruct *>::Tlist()
                        0x0800495f   0x16  Code  Gb  AdvClasses.o [1]
Tlist<TMamStruct *>::bump_up_size()
                        0x08004847    0x8  Code  Gb  AdvClasses.o [1]
Tlist<TMamStruct *>::push_back(TMamStruct *)
                        0x08002c09   0x44  Code  Gb  AdvClasses.o [1]
Tlist<string>::Tlist()  0x08002f01   0x16  Code  Gb  AdvClasses.o [1]
Tlist<string>::bump_down_size()
                        0x08004b3b    0x8  Code  Gb  AdvClasses.o [1]
Tlist<string>::clear()  0x08004a99   0x20  Code  Gb  AdvClasses.o [1]
Tlist<string>::pop_front()
                        0x08004aef   0x3c  Code  Gb  AdvClasses.o [1]
Tlist<string>::~Tlist()
                        0x08004a5f    0xe  Code  Gb  AdvClasses.o [1]
Tlist<void (*)(void *)>::Tlist()
                        0x08002227   0x16  Code  Gb  AdvClasses.o [1]
Tlist<void (*)(void *)>::bump_down_size()
                        0x08004911    0x8  Code  Gb  AdvClasses.o [1]
Tlist<void (*)(void *)>::bump_up_size()
                        0x080031c9    0x8  Code  Gb  AdvClasses.o [1]
Tlist<void (*)(void *)>::clear()
                        0x0800223d   0x20  Code  Gb  AdvClasses.o [1]
Tlist<void (*)(void *)>::operator [](int) const
                        0x080022b3   0x32  Code  Gb  AdvClasses.o [1]
Tlist<void (*)(void *)>::pop_front()
                        0x08003181   0x34  Code  Gb  AdvClasses.o [1]
Tlist<void (*)(void *)>::push_back(void (*)(void *))
                        0x0800226b   0x44  Code  Gb  AdvClasses.o [1]
Tlist<void (*)(void *)>::size()
                        0x080022af    0x4  Code  Gb  AdvClasses.o [1]
Tlist<void (*)(void *)>::~Tlist()
                        0x0800225d    0xe  Code  Gb  AdvClasses.o [1]
Tlist_item<IDetector *>::Tlist_item(IDetector *)
                        0x080047cb    0xc  Code  Gb  AdvClasses.o [1]
Tlist_item<IDetector *>::next()
                        0x0800321d    0x4  Code  Gb  AdvClasses.o [1]
Tlist_item<IDetector *>::next(Tlist_item<IDetector *>*)
                        0x080047d7    0x4  Code  Gb  AdvClasses.o [1]
Tlist_item<IDetector *>::prev(Tlist_item<IDetector *>*)
                        0x080047db    0x4  Code  Gb  AdvClasses.o [1]
Tlist_item<IDetector *>::value()
                        0x08003219    0x4  Code  Gb  AdvClasses.o [1]
Tlist_item<TCmdMessage *>::next()
                        0x08004bc5    0x4  Code  Gb  AdvClasses.o [1]
Tlist_item<TCmd_msg *>::next()
                        0x08004b2b    0x4  Code  Gb  AdvClasses.o [1]
Tlist_item<TMamStruct *>::Tlist_item(TMamStruct *)
                        0x08004833    0xc  Code  Gb  AdvClasses.o [1]
Tlist_item<TMamStruct *>::next(Tlist_item<TMamStruct *>*)
                        0x0800483f    0x4  Code  Gb  AdvClasses.o [1]
Tlist_item<TMamStruct *>::prev(Tlist_item<TMamStruct *>*)
                        0x08004843    0x4  Code  Gb  AdvClasses.o [1]
Tlist_item<string>::next()
                        0x08004b37    0x4  Code  Gb  AdvClasses.o [1]
Tlist_item<string>::~Tlist_item()
                        0x08004b43    0xe  Code  Gb  AdvClasses.o [1]
Tlist_item<void (*)(void *)>::Tlist_item(void (*)(void *))
                        0x080031b5    0xc  Code  Gb  AdvClasses.o [1]
Tlist_item<void (*)(void *)>::next()
                        0x080031d5    0x4  Code  Gb  AdvClasses.o [1]
Tlist_item<void (*)(void *)>::next(Tlist_item<void (*)(void *)>*)
                        0x080031c1    0x4  Code  Gb  AdvClasses.o [1]
Tlist_item<void (*)(void *)>::prev(Tlist_item<void (*)(void *)>*)
                        0x080031c5    0x4  Code  Gb  AdvClasses.o [1]
Tlist_item<void (*)(void *)>::value()
                        0x080031d1    0x4  Code  Gb  AdvClasses.o [1]
USART1_IRQHandler()     0x08001287   0x1a  Code  Gb  AdvClasses.o [1]
USART2_IRQHandler()     0x08001f9f    0x2  Code  Wk  AdvClasses.o [1]
USART3_IRQHandler()     0x08001f9f    0x2  Code  Wk  AdvClasses.o [1]
Uin                     0x20001f40    0x4  Data  Gb  AdvClasses.o [1]
UsageFault_Handler()    0x08001fa5    0x2  Code  Gb  AdvClasses.o [1]
Virtual function table for IDetector
                        0x08004c94   0x14  Data  Gb  AdvClasses.o [1]
Virtual function table for TCmd_msg
                        0x08004bd0   0x30  Data  Gb  AdvClasses.o [1]
Virtual function table for TCurrentDetector
                        0x08004cbc   0x14  Data  Gb  AdvClasses.o [1]
Virtual function table for TTimer
                        0x08004ca8   0x14  Data  Gb  AdvClasses.o [1]
Virtual function table for TVoltageDetector
                        0x08004cd0   0x14  Data  Gb  AdvClasses.o [1]
WWDG_IRQHandler()       0x08001f9f    0x2  Code  Wk  AdvClasses.o [1]
WdiTimer                0x20001efc    0xc  Data  Gb  AdvClasses.o [1]
Word64::Add(unsigned int)
                        0x080047a7   0x22  Code  Gb  AdvClasses.o [1]
Word64::Compare(Word64*)
                        0x080047e7   0x1e  Code  Gb  AdvClasses.o [1]
Word64::Word64()        0x080020bd    0xa  Code  Gb  AdvClasses.o [1]
Word64::operator =(const Word64&)
                        0x0800479d    0xa  Code  Gb  AdvClasses.o [1]
Word64::~Word64()       0x080047c9    0x2  Code  Gb  AdvClasses.o [1]
_Nomemory()             0x080032a5    0x4  Code  Gb  nomemory.o [4]
_String_base::_Xlen() const
                        0x08004877    0x2  Code  Gb  string1.o [4]
_String_base::_Xran() const
                        0x08004879    0x2  Code  Gb  string1.o [4]
_String_val::_String_val(char_allocator)
                        0x0800486b    0xc  Code  Gb  AdvClasses.o [1]
_String_val::_String_val(char_allocator) [subobject]
                        0x08002f3d    0xc  Code  Gb  AdvClasses.o [1]
__aeabi_atexit          0x080020ad    0xa  Code  Gb  cxxabi.o [4]
__aeabi_cdcmpeq         0x08002489         Code  Gb  DblCmpEq.o [5]
__aeabi_cfcmpeq         0x08002e45         Code  Gb  FltCmpEq.o [5]
__aeabi_cfcmple         0x080027a9         Code  Gb  FltCmpLe.o [5]
__aeabi_cfrcmple        0x080028f9         Code  Gb  FltCmpGe.o [5]
__aeabi_d2f             0x08002cb9         Code  Gb  DblToFlt.o [5]
__aeabi_d2iz            0x08002701         Code  Gb  DblToI32.o [5]
__aeabi_ddiv            0x080024a9         Code  Gb  DblDiv.o [5]
__aeabi_dmul            0x080022e5         Code  Gb  DblMul.o [5]
__aeabi_f2d             0x08002c69         Code  Gb  FltToDbl.o [5]
__aeabi_fadd            0x08003221         Code  Gb  FltAdd.o [5]
__aeabi_fdiv            0x08002d49         Code  Gb  FltDiv.o [5]
__aeabi_fmul            0x08002821         Code  Gb  FltMul.o [5]
__aeabi_fsub            0x0800291d         Code  Gb  FltSub.o [5]
__aeabi_i2f             0x08002779         Code  Gb  I32ToFlt.o [5]
__aeabi_ui2d            0x08002c4d         Code  Gb  I32ToDbl.o [5]
__aeabi_vec_ctor_nocookie_nodtor
                        0x08002065   0x22  Code  Gb  cxxabi.o [4]
__aeabi_vec_new_cookie_nodtor
                        0x08002087   0x20  Code  Gb  cxxabi.o [4]
__call_ctors            0x08002e6d   0x18  Code  Gb  cppinit.o [3]
__call_dtors            0x08002ebb    0x2  Code  Gb  cppinit.o [3]
__cexit_call_dtors      0x080049f3         Code  Gb  cexit.o [6]
__cmain                 0x08004851         Code  Gb  cmain.o [6]
__cstart_call_dtors     0x08004d2c         Data  Gb  cstart_call_dtors.o [6]
__cxa_atexit            0x08002e85   0x36  Code  Gb  cppinit.o [3]
__cxa_finalize          0x08002ebd   0x36  Code  Gb  cppinit.o [3]
__cxa_pure_virtual      0x08004d25    0x4  Code  Gb  xpurevirtual.o [3]
__data_GetMemChunk      0x0800492d   0x2c  Code  Gb  xgetmemchunk.o [3]
__data_GetMemChunk::start
                        0x20001f50    0x4  Data  Lc  xgetmemchunk.o [3]
__dso_handle            0x20001f48    0x4  Data  Gb  cppinit.o [3]
__exit                  0x080049dd   0x14  Code  Gb  exit.o [7]
__iar_New_hand          0x20001f4c    0x4  Data  Gb  new.o [4]
__iar_copy_init3        0x08004c01   0x2c  Code  Gb  copy_init3.o [6]
__iar_cstart_call_ctors
                        0x08004c75   0x20  Code  Gb  cmain_call_ctors.o [6]
__iar_d2uiz             0x0800272d         Code  Gb  DblToI32.o [5]
__iar_data_init3        0x08004979   0x28  Code  Gb  data_init.o [6]
__iar_dlfree            0x0800427b  0x51a  Code  Gb  dlmalloc.o [3]
__iar_dlmalloc          0x08003fc5  0x2aa  Code  Gb  dlmalloc.o [3]
__iar_fadd              0x08003231         Code  Gb  FltAdd.o [5]
__iar_fsub              0x0800292d         Code  Gb  FltSub.o [5]
__iar_fsubStart         0x0800293d         Code  Gb  FltSub.o [5]
__iar_program_start     0x08002e61         Code  Gb  cstartup_M.o [6]
__iar_ui2d              0x08002c51         Code  Gb  I32ToDbl.o [5]
__iar_ui2f              0x0800278d         Code  Gb  I32ToFlt.o [5]
__iar_unaligned___aeabi_memcpy
                        0x080021b1         Code  Gb  ABImemcpy_unaligned.o [6]
__iar_unaligned___aeabi_memcpy4
                        0x080021d1         Code  Gb  ABImemcpy_unaligned.o [6]
__iar_unaligned___aeabi_memcpy8
                        0x080021d1         Code  Gb  ABImemcpy_unaligned.o [6]
__iar_unaligned___aeabi_memmove
                        0x08004899         Code  Gb  ABImemmove_unaligned.o [6]
__iar_unaligned___aeabi_memmove4
                        0x08004899         Code  Gb  ABImemmove_unaligned.o [6]
__iar_unaligned___aeabi_memmove8
                        0x08004899         Code  Gb  ABImemmove_unaligned.o [6]
__iar_zero_init3        0x08004b51   0x40  Code  Gb  zero_init3.o [6]
__low_level_init        0x08004975    0x4  Code  Gb  low_level_init.o [3]
__vector_table          0x08000120         Data  Gb  vector_table_M.o [6]
_call_main              0x0800485d         Code  Gb  cmain.o [6]
_exit                   0x080049f1         Code  Gb  cexit.o [6]
_gm_                    0x20001b58  0x1d8  Data  Lc  dlmalloc.o [3]
_main                   0x08004867         Code  Gb  cmain.o [6]
abort                   0x08004925    0x6  Code  Gb  abort.o [3]
char_traits::length(char const *)
                        0x08004919    0xc  Code  Gb  AdvClasses.o [1]
cnt                     0x20001f55    0x1  Data  Gb  AdvClasses.o [1]
dac                     0x20001f20    0x4  Data  Gb  AdvClasses.o [1]
dac_step                0x2000000c    0x4  Data  Gb  AdvClasses.o [1]
exit                    0x080049a1    0x4  Code  Gb  exit.o [3]
init_mparams            0x080032c5   0x32  Code  Lc  dlmalloc.o [3]
init_top                0x080032f7   0x34  Code  Lc  dlmalloc.o [3]
main                    0x080012a1  0x1c4  Code  Gb  AdvClasses.o [1]
mparams                 0x20001eb0   0x18  Data  Lc  dlmalloc.o [3]
next_abi_dtor_rec       0x20001f44    0x4  Data  Lc  cppinit.o [3]
operator delete (void *)
                        0x080031f1    0xa  Code  Gb  delop_0.o [4]
operator delete[] (void *)
                        0x08002773    0x4  Code  Gb  delaop_0.o [4]
operator new (unsigned int)
                        0x08002a05   0x24  Code  Gb  newop_0.o [4]
operator new[] (unsigned int)
                        0x0800276f    0x4  Code  Gb  newaop_0.o [4]
prepend_alloc           0x0800332b  0x372  Code  Lc  dlmalloc.o [3]
segment_holding         0x080032a9   0x1c  Code  Lc  dlmalloc.o [3]
string::_Copy(unsigned int, unsigned int)
                        0x08003061   0x78  Code  Gb  string.o [4]
string::_Grow(unsigned int, bool)
                        0x080030d9   0x5a  Code  Gb  string.o [4]
string::_Inside(char const *)
                        0x08003133   0x20  Code  Gb  string.o [4]
string::_Myptr()        0x08004889    0xe  Code  Gb  AdvClasses.o [1]
string::_Myptr() const  0x0800487b    0xe  Code  Gb  AdvClasses.o [1]
string::_Tidy(bool, unsigned int)
                        0x08003153   0x2e  Code  Gb  string.o [4]
string::assign(char const *)
                        0x080031d9   0x18  Code  Gb  AdvClasses.o [1]
string::assign(char const *, unsigned int)
                        0x08002fbb   0x50  Code  Gb  string.o [4]
string::assign(const string&)
                        0x080031fd   0x1c  Code  Gb  AdvClasses.o [1]
string::assign(const string&, unsigned int, unsigned int)
                        0x08002f49   0x72  Code  Gb  string.o [4]
string::erase(unsigned int, unsigned int)
                        0x0800300b   0x56  Code  Gb  string.o [4]
string::npos            0x08004d20    0x4  Data  Gb  string.o [4]
string::operator =(char const *)
                        0x08002f2d   0x10  Code  Gb  AdvClasses.o [1]
string::operator =(const string&)
                        0x080027cd   0x10  Code  Gb  AdvClasses.o [1]
string::string()        0x08002197   0x18  Code  Gb  AdvClasses.o [1]
string::string(char const *)
                        0x0800274d   0x22  Code  Gb  AdvClasses.o [1]
string::~string()       0x080027dd   0x12  Code  Gb  AdvClasses.o [1]
strlen                  0x080049a5         Code  Gb  strlen.o [6]
sys_alloc               0x0800369d  0x388  Code  Lc  dlmalloc.o [3]
temp                    0x20001f2c    0x4  Data  Gb  AdvClasses.o [1]
test                    0x20001e94   0x1c  Data  Gb  AdvClasses.o [1]
tmalloc_large           0x08003a31  0x380  Code  Lc  dlmalloc.o [3]
tmalloc_small           0x08003db1  0x206  Code  Lc  dlmalloc.o [3]


[1] = D:\work\$PROJECTS\prj_tech_embedded\IAP\Debug\Obj
[2] = command line
[3] = dl7M_tln.a
[4] = dlpp7M_tl_ne.a
[5] = m7M_tl.a
[6] = rt7M_tl.a
[7] = shb_l.a

  19 243 bytes of readonly  code memory
     513 bytes of readonly  data memory (+ 280 absolute)
   8 025 bytes of readwrite data memory

Errors: none
Warnings: none
