###############################################################################
#
# IAR ELF Linker V7.80.3.12102/W32 for ARM                30/May/2019  12:14:22
# Copyright 2007-2016 IAR Systems AB.
#
#    Output file  =  
#        D:\work\$PROJECTS\prj_tech_embedded\IAP\Debug\Exe\IAP_01.out.tmp
#    Map file     =  
#        D:\work\$PROJECTS\prj_tech_embedded\IAP\Debug\List\IAP_01.map
#    Command line =  
#        D:\work\$PROJECTS\prj_tech_embedded\IAP\Debug\Obj\AdvClasses.o
#        D:\work\$PROJECTS\prj_tech_embedded\IAP\Debug\Obj\Classes.o
#        D:\work\$PROJECTS\prj_tech_embedded\IAP\Debug\Obj\Init.o
#        D:\work\$PROJECTS\prj_tech_embedded\IAP\Debug\Obj\interrupts.o
#        D:\work\$PROJECTS\prj_tech_embedded\IAP\Debug\Obj\main.o
#        D:\work\$PROJECTS\prj_tech_embedded\IAP\Debug\Obj\PowerMetr.o
#        D:\work\$PROJECTS\prj_tech_embedded\IAP\Debug\Obj\stm32l1100__it.o
#        D:\work\$PROJECTS\prj_tech_embedded\IAP\Debug\Obj\system_stm32f10x.o
#        -o D:\work\$PROJECTS\prj_tech_embedded\IAP\Debug\Exe\IAP_01.out.tmp
#        --redirect _Printf=_PrintfFull --redirect _Scanf=_ScanfFullNoMb --map
#        D:\work\$PROJECTS\prj_tech_embedded\IAP\Debug\List\IAP_01.map --config
#        D:\work\$PROJECTS\prj_tech_embedded\IAP\lib\IAP_01.icf --semihosting
#        --entry __iar_program_start --vfe
#
###############################################################################

*******************************************************************************
*** RUNTIME MODEL ATTRIBUTES
***

CppFlavor                     = *
__CPP_Language                = EC++
__Heap_Handler                = DLMalloc
__SystemLibrary               = DLib
__dlib_dynamic_initialization = normal


*******************************************************************************
*** PLACEMENT SUMMARY
***

"A0":  place at 0x08000000 { ro section .intvec };
"P1":  place in [from 0x08000000 to 0x0800e400] { ro };
"P2":  place in [from 0x20000000 to 0x20001fff] { rw, block CSTACK, block HEAP };
initialize by copy { rw };

  Section             Kind        Address    Size  Object
  -------             ----        -------    ----  ------
"A0":                                       0x160
  .intvec             const    0x08000000   0x120  AdvClasses.o [1]
  .intvec             ro code  0x08000120    0x40  vector_table_M.o [6]
                             - 0x08000160   0x160

"P1":                                      0x49dc
  .text               ro code  0x08000160  0x1ce8  AdvClasses.o [1]
  .text               ro code  0x08001e48    0x40  AdvClasses.o [1]
  .text               ro code  0x08001e88    0x58  cxxabi.o [4]
  .text               ro code  0x08001ee0     0xa  AdvClasses.o [1]
  .rodata             const    0x08001eea     0x2  AdvClasses.o [1]
  .text               ro code  0x08001eec    0xb8  AdvClasses.o [1]
  .text               ro code  0x08001fa4    0x16  AdvClasses.o [1]
  .text               ro code  0x08001fba    0x18  AdvClasses.o [1]
  .text               ro code  0x08001fd2     0x2  AdvClasses.o [1]
  .text               ro code  0x08001fd4    0x76  ABImemcpy_unaligned.o [6]
  .text               ro code  0x0800204a    0x16  AdvClasses.o [1]
  .text               ro code  0x08002060    0x20  AdvClasses.o [1]
  .text               ro code  0x08002080     0xe  AdvClasses.o [1]
  .text               ro code  0x0800208e    0x44  AdvClasses.o [1]
  .text               ro code  0x080020d2     0x4  AdvClasses.o [1]
  .text               ro code  0x080020d6    0x32  AdvClasses.o [1]
  .text               ro code  0x08002108   0x1a2  DblMul.o [5]
  .text               ro code  0x080022aa     0x2  vector_table_M.o [6]
  .text               ro code  0x080022ac    0x20  DblCmpEq.o [5]
  .text               ro code  0x080022cc   0x256  DblDiv.o [5]
  .rodata             const    0x08002522     0x1  AdvClasses.o [1]
  .text               ro code  0x08002524    0x4c  DblToI32.o [5]
  .text               ro code  0x08002570    0x22  AdvClasses.o [1]
  .text               ro code  0x08002592     0x4  newaop_0.o [4]
  .text               ro code  0x08002596     0x4  delaop_0.o [4]
  .text               ro code  0x0800259c    0x2e  I32ToFlt.o [5]
  .text               ro code  0x080025cc    0x24  FltCmpLe.o [5]
  .text               ro code  0x080025f0    0x10  AdvClasses.o [1]
  .text               ro code  0x08002600    0x12  AdvClasses.o [1]
  .text               ro code  0x08002612    0x32  AdvClasses.o [1]
  .text               ro code  0x08002644    0xd8  FltMul.o [5]
  .text               ro code  0x0800271c    0x24  FltCmpGe.o [5]
  .text               ro code  0x08002740    0x24  newop_0.o [4]
  .text               ro code  0x08002764     0xe  AdvClasses.o [1]
  .text               ro code  0x08002772    0x56  AdvClasses.o [1]
  .text               ro code  0x080027c8    0x44  AdvClasses.o [1]
  .text               ro code  0x0800280c    0x38  AdvClasses.o [1]
  .text               ro code  0x08002844    0x2c  AdvClasses.o [1]
  .text               ro code  0x08002870    0x3a  AdvClasses.o [1]
  .text               ro code  0x080028aa    0x58  AdvClasses.o [1]
  .text               ro code  0x08002902    0x16  AdvClasses.o [1]
  .text               ro code  0x08002918    0x12  AdvClasses.o [1]
  .text               ro code  0x0800292a    0x1a  AdvClasses.o [1]
  .text               ro code  0x08002944    0x44  AdvClasses.o [1]
  .text               ro code  0x08002988    0x1c  I32ToDbl.o [5]
  .text               ro code  0x080029a4    0x4e  FltToDbl.o [5]
  .text               ro code  0x080029f4    0x90  DblToFlt.o [5]
  .text               ro code  0x08002a84    0xfc  FltDiv.o [5]
  .text               ro code  0x08002b80    0x1c  FltCmpEq.o [5]
  .text               ro code  0x08002b9c     0xc  cstartup_M.o [6]
  .text               ro code  0x08002ba8    0x94  cppinit.o [3]
  .text               ro code  0x08002c3c    0x16  AdvClasses.o [1]
  .text               ro code  0x08002c52    0x16  AdvClasses.o [1]
  .text               ro code  0x08002c68    0x10  AdvClasses.o [1]
  .text               ro code  0x08002c78     0xc  AdvClasses.o [1]
  .text               ro code  0x08002c84   0x238  string.o [4]
  .text               ro code  0x08002ebc    0x34  AdvClasses.o [1]
  .text               ro code  0x08002ef0     0xc  AdvClasses.o [1]
  .text               ro code  0x08002efc     0x4  AdvClasses.o [1]
  .text               ro code  0x08002f00     0x4  AdvClasses.o [1]
  .text               ro code  0x08002f04     0x8  AdvClasses.o [1]
  .text               ro code  0x08002f0c     0x4  AdvClasses.o [1]
  .text               ro code  0x08002f10     0x4  AdvClasses.o [1]
  .text               ro code  0x08002f14    0x18  AdvClasses.o [1]
  .text               ro code  0x08002f2c     0xa  delop_0.o [4]
  .text               ro code  0x08002f38    0x1c  AdvClasses.o [1]
  .text               ro code  0x08002f54     0x4  AdvClasses.o [1]
  .text               ro code  0x08002f58     0x4  AdvClasses.o [1]
  .text               ro code  0x08002f5c     0x4  nomemory.o [4]
  .text               ro code  0x08002f60  0x14f4  dlmalloc.o [3]
  .text               ro code  0x08004454     0xa  AdvClasses.o [1]
  .text               ro code  0x0800445e    0x22  AdvClasses.o [1]
  .text               ro code  0x08004480     0x2  AdvClasses.o [1]
  .text               ro code  0x08004482     0xc  AdvClasses.o [1]
  .text               ro code  0x0800448e     0x4  AdvClasses.o [1]
  .text               ro code  0x08004492     0x4  AdvClasses.o [1]
  .text               ro code  0x08004496     0x8  AdvClasses.o [1]
  .text               ro code  0x0800449e    0x1e  AdvClasses.o [1]
  .text               ro code  0x080044bc    0x84  FltAdd.o [5]
  .text               ro code  0x08004540    0x2e  AdvClasses.o [1]
  .text               ro code  0x0800456e     0xc  AdvClasses.o [1]
  .text               ro code  0x0800457a     0x4  AdvClasses.o [1]
  .text               ro code  0x0800457e     0x4  AdvClasses.o [1]
  .text               ro code  0x08004582     0x8  AdvClasses.o [1]
  .text               ro code  0x0800458c    0x1a  cmain.o [6]
  .text               ro code  0x080045a6     0xc  AdvClasses.o [1]
  .text               ro code  0x080045b2     0x4  string1.o [4]
  .text               ro code  0x080045b6     0xe  AdvClasses.o [1]
  .text               ro code  0x080045c4     0xe  AdvClasses.o [1]
  .text               ro code  0x080045d4    0x78  ABImemmove_unaligned.o [6]
  .text               ro code  0x0800464c     0x8  AdvClasses.o [1]
  .text               ro code  0x08004654     0xc  AdvClasses.o [1]
  .text               ro code  0x08004660     0x6  abort.o [3]
  .text               ro code  0x08004668    0x2c  xgetmemchunk.o [3]
  .text               ro code  0x08004694    0xd6  FltSub.o [5]
  .text               ro code  0x0800476a     0x6  AdvClasses.o [1]
  .text               ro code  0x08004770    0x16  AdvClasses.o [1]
  .text               ro code  0x08004786     0x4  low_level_init.o [3]
  .text               ro code  0x0800478c    0x28  data_init.o [6]
  .text               ro code  0x080047b4     0x4  exit.o [3]
  .text               ro code  0x080047b8    0x36  strlen.o [6]
  .text               ro code  0x080047f0    0x14  exit.o [7]
  .text               ro code  0x08004804     0xe  cexit.o [6]
  .text               ro code  0x08004814    0x50  AdvClasses.o [1]
  .text               ro code  0x08004864     0xe  AdvClasses.o [1]
  .text               ro code  0x08004872     0xe  AdvClasses.o [1]
  .text               ro code  0x08004880     0xc  AdvClasses.o [1]
  .text               ro code  0x0800488c    0x20  AdvClasses.o [1]
  .text               ro code  0x080048ac    0x20  AdvClasses.o [1]
  .text               ro code  0x080048cc     0x2  AdvClasses.o [1]
  .text               ro code  0x080048ce    0x34  AdvClasses.o [1]
  .text               ro code  0x08004902    0x3c  AdvClasses.o [1]
  .text               ro code  0x0800493e     0x4  AdvClasses.o [1]
  .text               ro code  0x08004942     0x8  AdvClasses.o [1]
  .text               ro code  0x0800494a     0x4  AdvClasses.o [1]
  .text               ro code  0x0800494e     0x8  AdvClasses.o [1]
  .text               ro code  0x08004956     0xe  AdvClasses.o [1]
  .text               ro code  0x08004964    0x40  zero_init3.o [6]
  .text               ro code  0x080049a4    0x34  AdvClasses.o [1]
  .text               ro code  0x080049d8     0x4  AdvClasses.o [1]
  .text               ro code  0x080049dc     0x8  AdvClasses.o [1]
  .rodata             const    0x080049e4    0x30  AdvClasses.o [1]
  .text               ro code  0x08004a14    0x2c  copy_init3.o [6]
  .iar.init_table     const    0x08004a40    0x28  - Linker created -
  .text               ro code  0x08004a68    0x20  AdvClasses.o [1]
  .text               ro code  0x08004a88    0x20  cmain_call_ctors.o [6]
  .rodata             const    0x08004aa8    0x14  AdvClasses.o [1]
  .rodata             const    0x08004abc    0x14  AdvClasses.o [1]
  .rodata             const    0x08004ad0    0x14  AdvClasses.o [1]
  .rodata             const    0x08004ae4    0x14  AdvClasses.o [1]
  .text               ro code  0x08004af8     0xe  AdvClasses.o [1]
  .rodata             const    0x08004b08     0xc  AdvClasses.o [1]
  .rodata             const    0x08004b14     0xc  AdvClasses.o [1]
  Initializer bytes   const    0x08004b20     0xc  <for P2-1>
  .rodata             const    0x08004b2c     0x4  AdvClasses.o [1]
  .rodata             const    0x08004b30     0x4  string.o [4]
  .text               ro code  0x08004b34     0x4  xpurevirtual.o [3]
  SHT$$PREINIT_ARRAY           0x08004b38     0x0  <Block>
  SHT$$INIT_ARRAY              0x08004b38     0x4  <Block>
    .init_array       const    0x08004b38     0x4  AdvClasses.o [1]
  .text               ro code  0x08004b3c     0x0  cstart_call_dtors.o [6]
  .rodata             const    0x08004b3c     0x0  zero_init3.o [6]
  .rodata             const    0x08004b3c     0x0  copy_init3.o [6]
                             - 0x08004b3c  0x49dc

Absolute sections, part 1 of 6:              0x50
  .rodata             const    0x0800e800    0x50  AdvClasses.o [1]
                             - 0x0800e850    0x50

Absolute sections, part 2 of 6:              0x50
  .rodata             const    0x0800ec00    0x50  AdvClasses.o [1]
                             - 0x0800ec50    0x50

Absolute sections, part 3 of 6:               0x8
  .rodata             const    0x0800f000     0x8  AdvClasses.o [1]
                             - 0x0800f008     0x8

Absolute sections, part 4 of 6:               0x8
  .rodata             const    0x0800f400     0x8  AdvClasses.o [1]
                             - 0x0800f408     0x8

Absolute sections, part 5 of 6:              0x34
  .rodata             const    0x0800f800    0x34  AdvClasses.o [1]
                             - 0x0800f834    0x34

Absolute sections, part 6 of 6:              0x34
  .rodata             const    0x0800fc00    0x34  AdvClasses.o [1]
                             - 0x0800fc34    0x34

"P2", part 1 of 3:                            0xc
  P2-1                         0x20000000     0xc  <Init block>
    .data             inited   0x20000000     0x8  AdvClasses.o [1]
    .data             inited   0x20000008     0x4  AdvClasses.o [1]
                             - 0x2000000c     0xc

"P2", part 2 of 3:                         0x1b4c
  .iar.dynexit                 0x2000000c   0x1e0  <Block>
    .iar.dynexit      uninit   0x2000000c     0xc  cppinit.o [3]
    .iar.dynexit      uninit   0x20000018   0x1d4  <Block tail>
  CSTACK                       0x200001f0   0x5dc  <Block>
    CSTACK            uninit   0x200001f0   0x5dc  <Block tail>
  HEAP                         0x200007d0  0x1388  <Block>
    HEAP              uninit   0x200007d0  0x1388  <Block tail>
                             - 0x20001b58  0x1b4c

"P2", part 3 of 3:                          0x408
  .bss                zero     0x20001b58   0x1d8  dlmalloc.o [3]
  .bss                zero     0x20001d30    0xe0  AdvClasses.o [1]
  .bss                zero     0x20001e10    0x60  AdvClasses.o [1]
  .bss                zero     0x20001e70    0x24  AdvClasses.o [1]
  .bss                zero     0x20001e94    0x1c  AdvClasses.o [1]
  .bss                zero     0x20001eb0    0x18  dlmalloc.o [3]
  .bss                zero     0x20001ec8    0x14  AdvClasses.o [1]
  .bss                zero     0x20001edc    0x14  AdvClasses.o [1]
  .bss                zero     0x20001ef0     0xc  AdvClasses.o [1]
  .bss                zero     0x20001efc     0xc  AdvClasses.o [1]
  .bss                zero     0x20001f08     0x8  AdvClasses.o [1]
  .bss                zero     0x20001f10     0x4  AdvClasses.o [1]
  .bss                zero     0x20001f14     0x4  AdvClasses.o [1]
  .bss                zero     0x20001f18     0x4  AdvClasses.o [1]
  .bss                zero     0x20001f1c     0x4  AdvClasses.o [1]
  .bss                zero     0x20001f20     0x4  AdvClasses.o [1]
  .bss                zero     0x20001f24     0x4  AdvClasses.o [1]
  .bss                zero     0x20001f28     0x4  AdvClasses.o [1]
  .bss                zero     0x20001f2c     0x4  AdvClasses.o [1]
  .bss                zero     0x20001f30     0x4  AdvClasses.o [1]
  .bss                zero     0x20001f34     0x4  AdvClasses.o [1]
  .bss                zero     0x20001f38     0x4  AdvClasses.o [1]
  .bss                zero     0x20001f3c     0x4  AdvClasses.o [1]
  .bss                zero     0x20001f40     0x4  AdvClasses.o [1]
  .bss                zero     0x20001f44     0x4  cppinit.o [3]
  .bss                zero     0x20001f48     0x4  cppinit.o [3]
  .bss                zero     0x20001f4c     0x4  new.o [4]
  .bss                zero     0x20001f50     0x4  xgetmemchunk.o [3]
  .bss                zero     0x20001f54     0x1  AdvClasses.o [1]
  .bss                zero     0x20001f55     0x1  AdvClasses.o [1]
  .bss                zero     0x20001f56     0x1  AdvClasses.o [1]
  .bss                zero     0x20001f57     0x1  AdvClasses.o [1]
  .bss                zero     0x20001f58     0x1  AdvClasses.o [1]
  .bss                zero     0x20001f59     0x1  AdvClasses.o [1]
  .bss                zero     0x20001f5a     0x1  AdvClasses.o [1]
  .bss                zero     0x20001f5b     0x1  AdvClasses.o [1]
  .bss                zero     0x20001f5c     0x1  AdvClasses.o [1]
                             - 0x20001f5d   0x405


*******************************************************************************
*** INIT TABLE
***

          Address     Size
          -------     ----
Zero (__iar_zero_init3)
    1 destination range, total size 0x405:
          0x20001b58  0x405

Copy (__iar_copy_init3)
    1 source range, total size 0xc:
          0x08004b20    0xc
    1 destination range, total size 0xc:
          0x20000000    0xc

Extra (__iar_cstart_call_ctors)



*******************************************************************************
*** MODULE SUMMARY
***

    Module                  ro code  ro data  rw data  ro data
                                                        (abs)
    ------                  -------  -------  -------  -------
D:\work\$PROJECTS\prj_tech_embedded\IAP\Debug\Obj: [1]
    AdvClasses.o              9 494      463      529      280
    ----------------------------------------------------------
    Total:                    9 494      463      529      280

command line: [2]
    ----------------------------------------------------------
    Total:

dl7M_tln.a: [3]
    abort.o                       6
    cppinit.o                   148                20
    dlmalloc.o                5 364               496
    exit.o                        4
    low_level_init.o              4
    xgetmemchunk.o               44                 4
    xpurevirtual.o                4
    ----------------------------------------------------------
    Total:                    5 574               520

dlpp7M_tl_ne.a: [4]
    cxxabi.o                     88
    delaop_0.o                    4
    delop_0.o                    10
    new.o                                           4
    newaop_0.o                    4
    newop_0.o                    36
    nomemory.o                    4
    string.o                    568        4
    string1.o                     4
    ----------------------------------------------------------
    Total:                      718        4        4

m7M_tl.a: [5]
    DblCmpEq.o                   32
    DblDiv.o                    598
    DblMul.o                    418
    DblToFlt.o                  144
    DblToI32.o                   76
    FltAdd.o                    132
    FltCmpEq.o                   28
    FltCmpGe.o                   36
    FltCmpLe.o                   36
    FltDiv.o                    252
    FltMul.o                    216
    FltSub.o                    214
    FltToDbl.o                   78
    I32ToDbl.o                   28
    I32ToFlt.o                   46
    ----------------------------------------------------------
    Total:                    2 334

rt7M_tl.a: [6]
    ABImemcpy_unaligned.o       118
    ABImemmove_unaligned.o      120
    cexit.o                      14
    cmain.o                      26
    cmain_call_ctors.o           32
    copy_init3.o                 44
    cstart_call_dtors.o
    cstartup_M.o                 12
    data_init.o                  40
    strlen.o                     54
    vector_table_M.o             66
    zero_init3.o                 64
    ----------------------------------------------------------
    Total:                      590

shb_l.a: [7]
    exit.o                       20
    ----------------------------------------------------------
    Total:                       20

    Gaps                         21        2
    Linker created                        40    6 968
--------------------------------------------------------------
    Grand Total:             18 751      509    8 021      280


*******************************************************************************
*** ENTRY LIST
***

Entry                      Address   Size  Type      Object
-----                      -------   ----  ----      ------
.iar.dynexit$$Base      0x2000000c          --   Gb  - Linker created -
.iar.dynexit$$Limit     0x200001ec          --   Gb  - Linker created -
.iar.init_table$$Base   0x08004a40          --   Gb  - Linker created -
.iar.init_table$$Limit  0x08004a68          --   Gb  - Linker created -
?main                   0x0800458d         Code  Gb  cmain.o [6]
ADC1_IRQHandler()       0x0800103f  0x15e  Code  Gb  AdvClasses.o [1]
ADC_Counter             0x20001f14    0x4  Data  Gb  AdvClasses.o [1]
AKB                     0x20001e10   0x60  Data  Gb  AdvClasses.o [1]
AdcMultiplier           0x20000008    0x4  Data  Gb  AdvClasses.o [1]
AdcStartEnable          0x20001f56    0x1  Data  Gb  AdvClasses.o [1]
AppPowerState           0x20001f57    0x1  Data  Gb  AdvClasses.o [1]
BaseCmd                 0x20001d30   0xe0  Data  Gb  AdvClasses.o [1]
Batt                    0x20001f3c    0x4  Data  Gb  AdvClasses.o [1]
Bit_Counter             0x20001f5a    0x1  Data  Gb  AdvClasses.o [1]
BusFault_Handler()      0x08001db7    0x2  Code  Gb  AdvClasses.o [1]
CALIBR_PARAMS           0x0800f800   0x34  Data  Gb  AdvClasses.o [1]
CEC_IRQHandler()        0x08001db3    0x2  Code  Wk  AdvClasses.o [1]
CH_MASK                 0x20000000    0x8  Data  Gb  AdvClasses.o [1]
CMDmessages             0x20001edc   0x14  Data  Gb  AdvClasses.o [1]
CSTACK$$Base            0x200001f0          --   Gb  - Linker created -
CSTACK$$Limit           0x200007cc          --   Gb  - Linker created -
Color_Indicate          0x20001f59    0x1  Data  Gb  AdvClasses.o [1]
DMA1_Channel1_IRQHandler()
                        0x08001db3    0x2  Code  Wk  AdvClasses.o [1]
DMA1_Channel2_IRQHandler()
                        0x08001db3    0x2  Code  Wk  AdvClasses.o [1]
DMA1_Channel3_IRQHandler()
                        0x08001db3    0x2  Code  Wk  AdvClasses.o [1]
DMA1_Channel4_IRQHandler()
                        0x08001db3    0x2  Code  Wk  AdvClasses.o [1]
DMA1_Channel5_IRQHandler()
                        0x08001db3    0x2  Code  Wk  AdvClasses.o [1]
DMA1_Channel6_IRQHandler()
                        0x08001db3    0x2  Code  Wk  AdvClasses.o [1]
DMA1_Channel7_IRQHandler()
                        0x08001db3    0x2  Code  Wk  AdvClasses.o [1]
DebugMon_Handler()      0x08001dbd    0x2  Code  Gb  AdvClasses.o [1]
Do_STATE_CHARGE()       0x080015a9   0x92  Code  Gb  AdvClasses.o [1]
Do_STATE_DISCHARGE()    0x080016a1   0x3e  Code  Gb  AdvClasses.o [1]
Do_STATE_FULL_CHARGE()  0x0800163b   0x5a  Code  Gb  AdvClasses.o [1]
Do_STATE_FULL_DISCHARGE()
                        0x080016df   0x12  Code  Gb  AdvClasses.o [1]
Do_STATE_PRECHARGE()    0x0800153f   0x6a  Code  Gb  AdvClasses.o [1]
Do_STATE_START()        0x080014ef   0x50  Code  Gb  AdvClasses.o [1]
DtorRecArray            0x2000000c    0xc  Data  Lc  cppinit.o [3]
EXTI0_IRQHandler()      0x08001db3    0x2  Code  Wk  AdvClasses.o [1]
EXTI15_10_IRQHandler()  0x08001db3    0x2  Code  Wk  AdvClasses.o [1]
EXTI1_IRQHandler()      0x08001db3    0x2  Code  Wk  AdvClasses.o [1]
EXTI2_IRQHandler()      0x08001db3    0x2  Code  Wk  AdvClasses.o [1]
EXTI3_IRQHandler()      0x08001db3    0x2  Code  Wk  AdvClasses.o [1]
EXTI4_IRQHandler()      0x08001db3    0x2  Code  Wk  AdvClasses.o [1]
EXTI9_5_IRQHandler()    0x08001db3    0x2  Code  Wk  AdvClasses.o [1]
FLASH_GetBank1Status    0x080003ed   0x3a  Code  Gb  AdvClasses.o [1]
FLASH_IRQHandler()      0x08001db3    0x2  Code  Wk  AdvClasses.o [1]
FLASH_ProgramWord       0x08000507   0x80  Code  Gb  AdvClasses.o [1]
FLASH_WaitForLastOperation
                        0x08000427   0x2e  Code  Gb  AdvClasses.o [1]
HEAP$$Base              0x200007d0          --   Gb  - Linker created -
HEAP$$Limit             0x20001b58          --   Gb  - Linker created -
Hbatt                   0x20001f38    0x4  Data  Gb  AdvClasses.o [1]
I2C1_ER_IRQHandler()    0x08001db3    0x2  Code  Wk  AdvClasses.o [1]
I2C1_EV_IRQHandler()    0x08001db3    0x2  Code  Wk  AdvClasses.o [1]
I2C2_ER_IRQHandler()    0x08001db3    0x2  Code  Wk  AdvClasses.o [1]
I2C2_EV_IRQHandler()    0x08001db3    0x2  Code  Wk  AdvClasses.o [1]
IDetector::IDetector(unsigned int *, float, unsigned char, unsigned char, float)
                        0x08001b55   0x5c  Code  Gb  AdvClasses.o [1]
IDetector::IDetector(unsigned int *, float, unsigned char, unsigned char, float) [subobject]
                        0x08000161   0x1a  Code  Gb  AdvClasses.o [1]
IParams::IParams(unsigned char, unsigned char, bool)
                        0x08004541   0x2e  Code  Gb  AdvClasses.o [1]
IParams::IParams(unsigned char, unsigned char, bool) [subobject]
                        0x08002919   0x12  Code  Gb  AdvClasses.o [1]
Icharge                 0x20001f30    0x4  Data  Gb  AdvClasses.o [1]
Iload                   0x20001f34    0x4  Data  Gb  AdvClasses.o [1]
IndicateLoad_Interrupt()
                        0x080011c1   0xb6  Code  Gb  AdvClasses.o [1]
Indicate_Process()      0x08001413   0xdc  Code  Gb  AdvClasses.o [1]
Indicate_Set(unsigned char, bool)
                        0x08001277    0xe  Code  Gb  AdvClasses.o [1]
InitDACProcess()        0x08001785   0x40  Code  Gb  AdvClasses.o [1]
InitLEDProcess()        0x0800173d   0x38  Code  Gb  AdvClasses.o [1]
Init_ADC12()            0x08000d01   0x8e  Code  Gb  AdvClasses.o [1]
Init_Calibr_Flash_Const()
                        0x08000f69   0xd4  Code  Gb  AdvClasses.o [1]
Init_Flash_Const()      0x08000e39   0x62  Code  Gb  AdvClasses.o [1]
Init_OSC()              0x08000c4b   0x56  Code  Gb  AdvClasses.o [1]
Init_Ports()            0x08000bf9   0x52  Code  Gb  AdvClasses.o [1]
Init_PowerMetrManagerObjects()
                        0x080017d5   0x3e  Code  Gb  AdvClasses.o [1]
Init_SRAM_Const()       0x0800103d    0x2  Code  Gb  AdvClasses.o [1]
Init_SysTick()          0x08000cef   0x12  Code  Gb  AdvClasses.o [1]
Init_TIM7()             0x08000ca3   0x4c  Code  Gb  AdvClasses.o [1]
Init_Task_Flash_Const()
                        0x08000e9b   0xc8  Code  Gb  AdvClasses.o [1]
Init_WDT()              0x08000ca1    0x2  Code  Gb  AdvClasses.o [1]
Load_Indicate           0x20001f58    0x1  Data  Gb  AdvClasses.o [1]
Load_Indicate_Buffer    0x20001f5b    0x1  Data  Gb  AdvClasses.o [1]
MemManage_Handler()     0x08001db5    0x2  Code  Gb  AdvClasses.o [1]
OS_Dispatcher           0x20001ec8   0x14  Data  Gb  AdvClasses.o [1]
PARAMS                  0x0800e800   0x50  Data  Gb  AdvClasses.o [1]
PVD_IRQHandler()        0x08001db3    0x2  Code  Wk  AdvClasses.o [1]
PendSV_Handler()        0x08001dbf    0x2  Code  Gb  AdvClasses.o [1]
PowerMetrManager        0x20001f10    0x4  Data  Gb  AdvClasses.o [1]
PowerMetrProcess(void *)
                        0x080016f5   0x44  Code  Gb  AdvClasses.o [1]
RCC_IRQHandler()        0x08001db3    0x2  Code  Wk  AdvClasses.o [1]
RTCAlarm_IRQHandler()   0x08001db3    0x2  Code  Wk  AdvClasses.o [1]
RTC_IRQHandler()        0x08001db3    0x2  Code  Wk  AdvClasses.o [1]
Region$$Table$$Base     0x08004a40          --   Gb  - Linker created -
Region$$Table$$Limit    0x08004a68          --   Gb  - Linker created -
Reset_Handler()         0x08001da7    0x8  Code  Gb  AdvClasses.o [1]
SHT$$INIT_ARRAY$$Base   0x08004b38          --   Gb  - Linker created -
SHT$$INIT_ARRAY$$Limit  0x08004b3c          --   Gb  - Linker created -
SHT$$PREINIT_ARRAY$$Base
                        0x08004b38          --   Gb  - Linker created -
SHT$$PREINIT_ARRAY$$Limit
                        0x08004b38          --   Gb  - Linker created -
SPI1_IRQHandler()       0x08001db3    0x2  Code  Wk  AdvClasses.o [1]
SPI2_IRQHandler()       0x08001db3    0x2  Code  Wk  AdvClasses.o [1]
SVC_Handler()           0x08001dbb    0x2  Code  Gb  AdvClasses.o [1]
SYSTEM_INIT()           0x08000bcb   0x2e  Code  Gb  AdvClasses.o [1]
SecCount                0x20001f08    0x8  Data  Gb  AdvClasses.o [1]
Start_ADC12()           0x08000d91   0x5a  Code  Gb  AdvClasses.o [1]
Stop_ADC12()            0x08000deb   0x4a  Code  Gb  AdvClasses.o [1]
SysTick_Handler()       0x08001285    0x2  Code  Gb  AdvClasses.o [1]
SystemTime              0x20001e70   0x24  Data  Gb  AdvClasses.o [1]
TAMPER_IRQHandler()     0x08001db3    0x2  Code  Wk  AdvClasses.o [1]
TASK_PARAMS             0x0800f000    0x8  Data  Gb  AdvClasses.o [1]
TBuffer::ClrBUF(unsigned char *, unsigned short)
                        0x080008a9   0x1e  Code  Gb  AdvClasses.o [1]
TBuffer::IntToString(int, unsigned char)
                        0x080008d1   0xce  Code  Gb  AdvClasses.o [1]
TCmd::~TCmd()           0x080048cd    0x2  Code  Gb  AdvClasses.o [1]
TCmd::~TCmd() [subobject]
                        0x08004881    0xc  Code  Gb  AdvClasses.o [1]
TCmd_msg::TCmd_msg()    0x08001eed   0xb8  Code  Gb  AdvClasses.o [1]
TCmd_msg::TCmd_msg()::string
                        0x08001eea    0x2  Data  Gb  AdvClasses.o [1]
TCmd_msg::TCmd_msg()::string (instance 2)
                        0x08002522    0x1  Data  Gb  AdvClasses.o [1]
TCmd_msg::~TCmd_msg()   0x08004815   0x50  Code  Gb  AdvClasses.o [1]
TCurrentDetector::GetSens()
                        0x08001d8d   0x1a  Code  Gb  AdvClasses.o [1]
TCurrentDetector::GetValue()
                        0x08001cd9   0x78  Code  Gb  AdvClasses.o [1]
TCurrentDetector::TCurrentDetector(unsigned int *, float, unsigned char, unsigned char, float, float)
                        0x08001c91   0x42  Code  Gb  AdvClasses.o [1]
TDateTime::GetGlobalSeconds()
                        0x08000a5d    0x4  Code  Gb  AdvClasses.o [1]
TDateTime::SetTime(Time)
                        0x08000a31   0x2c  Code  Gb  AdvClasses.o [1]
TDateTime::TDateTime()  0x080009ed   0x42  Code  Gb  AdvClasses.o [1]
TDateTime::~TDateTime()
                        0x08000a2f    0x2  Code  Gb  AdvClasses.o [1]
TDispatcher::CreateProcess(void (*)(void *))
                        0x08000871   0x10  Code  Gb  AdvClasses.o [1]
TDispatcher::Scheduler()
                        0x08000881   0x28  Code  Gb  AdvClasses.o [1]
TDispatcher::TDispatcher()
                        0x0800084f    0xe  Code  Gb  AdvClasses.o [1]
TDispatcher::~TDispatcher()
                        0x0800085d   0x14  Code  Gb  AdvClasses.o [1]
TFastTimer::GetTimValue(unsigned char)
                        0x0800280d   0x38  Code  Gb  AdvClasses.o [1]
TFastTimer::SetTimer(unsigned char, unsigned int)
                        0x08002773   0x56  Code  Gb  AdvClasses.o [1]
TFastTimer::TFastTimer(unsigned char, Word64 *)
                        0x08001e49   0x40  Code  Gb  AdvClasses.o [1]
TFastTimer::TFastTimer(unsigned char, Word64 *) [subobject]
                        0x08002765    0xe  Code  Gb  AdvClasses.o [1]
TFastTimer::~TFastTimer()
                        0x08001fd3    0x2  Code  Gb  AdvClasses.o [1]
TIM1_BRK_TIM15_IRQHandler()
                        0x08001db3    0x2  Code  Wk  AdvClasses.o [1]
TIM1_CC_IRQHandlerm()   0x08001db3    0x2  Code  Wk  AdvClasses.o [1]
TIM1_TRG_COM_TIM17_IRQHandler()
                        0x08001db3    0x2  Code  Wk  AdvClasses.o [1]
TIM1_UP_TIM16_IRQHandler()
                        0x08001db3    0x2  Code  Wk  AdvClasses.o [1]
TIM2_IRQHandler()       0x08001db3    0x2  Code  Wk  AdvClasses.o [1]
TIM3_IRQHandler()       0x08001db3    0x2  Code  Wk  AdvClasses.o [1]
TIM4_IRQHandler()       0x08001db3    0x2  Code  Wk  AdvClasses.o [1]
TIM6_DAC_IRQHandler()   0x08001db3    0x2  Code  Wk  AdvClasses.o [1]
TIM7_IRQHandler()       0x0800119d   0x24  Code  Gb  AdvClasses.o [1]
TMP_CALIBR_PARAMS       0x0800fc00   0x34  Data  Gb  AdvClasses.o [1]
TMP_PARAMS              0x0800ec00   0x50  Data  Gb  AdvClasses.o [1]
TMP_TASK_PARAMS         0x0800f400    0x8  Data  Gb  AdvClasses.o [1]
TMamStruct::CalcMinAverMax(float)
                        0x080028ab   0x58  Code  Gb  AdvClasses.o [1]
TMamStruct::TMamStruct()
                        0x0800292b   0x1a  Code  Gb  AdvClasses.o [1]
TObject::ClrFlashSegment(unsigned char const *)
                        0x08000455   0xb2  Code  Gb  AdvClasses.o [1]
TObject::PtrToBootConstants
                        0x20001f1c    0x4  Data  Gb  AdvClasses.o [1]
TObject::PtrToConstants
                        0x20001f18    0x4  Data  Gb  AdvClasses.o [1]
TObject::RestoreDefault()
                        0x08000315   0xb4  Code  Gb  AdvClasses.o [1]
TObject::RestoreMemParams()
                        0x080002bd   0x54  Code  Gb  AdvClasses.o [1]
TObject::Soft_Reset()   0x0800060d    0x8  Code  Gb  AdvClasses.o [1]
TObject::VerifyMemory(unsigned char const *, unsigned char *, unsigned short)
                        0x08000291   0x2c  Code  Gb  AdvClasses.o [1]
TObject::WriteBufToPage(unsigned char const *, unsigned char *, unsigned short)
                        0x080003c9   0x24  Code  Gb  AdvClasses.o [1]
TObject::WriteByteToFlash_MY(Byte const *, Word, Byte *)::i
                        0x20001f54    0x1  Data  Lc  AdvClasses.o [1]
TObject::WriteByteToFlash_MY(unsigned char const *, unsigned short, unsigned char *)
                        0x08000589   0x84  Code  Gb  AdvClasses.o [1]
TObjectCalibr::CalcCRC(TCalibrListConfig const *)
                        0x08000787   0x2a  Code  Gb  AdvClasses.o [1]
TObjectCalibr::CalibrListConfig
                        0x20001f28    0x4  Data  Gb  AdvClasses.o [1]
TObjectCalibr::RestoreDefault()
                        0x080007b1   0x48  Code  Gb  AdvClasses.o [1]
TObjectCalibr::RestoreMemParams()
                        0x080007f9   0x56  Code  Gb  AdvClasses.o [1]
TObjectCalibr::Save_CalibrConfigInFlash(TCalibrListConfig *)
                        0x08000729   0x5e  Code  Gb  AdvClasses.o [1]
TObjectFunctions::ObjectFunctionsTimer
                        0x20001ef0    0xc  Data  Gb  AdvClasses.o [1]
TObjectTask::CalcCRC(TTaskListConfig const *)
                        0x08000675   0x2a  Code  Gb  AdvClasses.o [1]
TObjectTask::RestoreDefault()
                        0x0800069f   0x38  Code  Gb  AdvClasses.o [1]
TObjectTask::RestoreMemParams()
                        0x080006d7   0x52  Code  Gb  AdvClasses.o [1]
TObjectTask::Save_TaskConfigInFlash(TTaskListConfig *)
                        0x08000615   0x5e  Code  Gb  AdvClasses.o [1]
TObjectTask::TaskListConfig
                        0x20001f24    0x4  Data  Gb  AdvClasses.o [1]
TPowerMetr::TPowerMetr()
                        0x08001b0d   0x32  Code  Gb  AdvClasses.o [1]
TPowerMetrManager::FASE_DetectStates()
                        0x08001a1d   0xea  Code  Gb  AdvClasses.o [1]
TPowerMetrManager::FASE_DetectStates()::perflg
                        0x20001f5c    0x1  Data  Lc  AdvClasses.o [1]
TPowerMetrManager::FASE_FormingMessageCMD(void *)
                        0x08001b07    0x6  Code  Gb  AdvClasses.o [1]
TPowerMetrManager::Init(Data_Params const *, TTaskListConfig const *, TCalibrListConfig const *)
                        0x0800187d  0x18a  Code  Gb  AdvClasses.o [1]
TPowerMetrManager::TPowerMetrManager(unsigned short)
                        0x0800181d   0x2a  Code  Gb  AdvClasses.o [1]
TSimplPtype::TSimplPtype(unsigned char, unsigned char)
                        0x0800476b    0x6  Code  Gb  AdvClasses.o [1]
TTimer::GetTimValue(unsigned char)
                        0x08000ae7   0x34  Code  Gb  AdvClasses.o [1]
TTimer::SetTimer(unsigned char, unsigned int)
                        0x08000ab5   0x32  Code  Gb  AdvClasses.o [1]
TTimer::TTimer(unsigned char)
                        0x08000a6d   0x3a  Code  Gb  AdvClasses.o [1]
TTimer::wait_1ms(unsigned short)
                        0x08000b1b   0x16  Code  Gb  AdvClasses.o [1]
TTimer::~TTimer()       0x08000aa7    0xe  Code  Gb  AdvClasses.o [1]
TVoltageDetector::GetValue()
                        0x08001c01   0x7a  Code  Gb  AdvClasses.o [1]
TVoltageDetector::TVoltageDetector(unsigned int *, float, unsigned char, unsigned char, float, float)
                        0x08001bb9   0x3e  Code  Gb  AdvClasses.o [1]
Tlist<IDetector *>::Tlist()
                        0x08002903   0x16  Code  Gb  AdvClasses.o [1]
Tlist<IDetector *>::bump_up_size()
                        0x08004497    0x8  Code  Gb  AdvClasses.o [1]
Tlist<IDetector *>::foreach_next()
                        0x08002871   0x3a  Code  Gb  AdvClasses.o [1]
Tlist<IDetector *>::operator [](int) const
                        0x08002613   0x32  Code  Gb  AdvClasses.o [1]
Tlist<IDetector *>::push_back(IDetector *)
                        0x080027c9   0x44  Code  Gb  AdvClasses.o [1]
Tlist<IDetector *>::set_interator(int)
                        0x08002845   0x2c  Code  Gb  AdvClasses.o [1]
Tlist<TCmdMessage *>::Tlist()
                        0x08001fa5   0x16  Code  Gb  AdvClasses.o [1]
Tlist<TCmdMessage *>::bump_down_size()
                        0x080049dd    0x8  Code  Gb  AdvClasses.o [1]
Tlist<TCmdMessage *>::clear()
                        0x08004a69   0x20  Code  Gb  AdvClasses.o [1]
Tlist<TCmdMessage *>::pop_front()
                        0x080049a5   0x34  Code  Gb  AdvClasses.o [1]
Tlist<TCmdMessage *>::~Tlist()
                        0x08004af9    0xe  Code  Gb  AdvClasses.o [1]
Tlist<TCmd_msg *>::Tlist()
                        0x08002c53   0x16  Code  Gb  AdvClasses.o [1]
Tlist<TCmd_msg *>::bump_down_size()
                        0x08004943    0x8  Code  Gb  AdvClasses.o [1]
Tlist<TCmd_msg *>::clear()
                        0x0800488d   0x20  Code  Gb  AdvClasses.o [1]
Tlist<TCmd_msg *>::pop_front()
                        0x080048cf   0x34  Code  Gb  AdvClasses.o [1]
Tlist<TCmd_msg *>::~Tlist()
                        0x08004865    0xe  Code  Gb  AdvClasses.o [1]
Tlist<TMamStruct *>::Tlist()
                        0x08004771   0x16  Code  Gb  AdvClasses.o [1]
Tlist<TMamStruct *>::bump_up_size()
                        0x08004583    0x8  Code  Gb  AdvClasses.o [1]
Tlist<TMamStruct *>::push_back(TMamStruct *)
                        0x08002945   0x44  Code  Gb  AdvClasses.o [1]
Tlist<string>::Tlist()  0x08002c3d   0x16  Code  Gb  AdvClasses.o [1]
Tlist<string>::bump_down_size()
                        0x0800494f    0x8  Code  Gb  AdvClasses.o [1]
Tlist<string>::clear()  0x080048ad   0x20  Code  Gb  AdvClasses.o [1]
Tlist<string>::pop_front()
                        0x08004903   0x3c  Code  Gb  AdvClasses.o [1]
Tlist<string>::~Tlist()
                        0x08004873    0xe  Code  Gb  AdvClasses.o [1]
Tlist<void (*)(void *)>::Tlist()
                        0x0800204b   0x16  Code  Gb  AdvClasses.o [1]
Tlist<void (*)(void *)>::bump_down_size()
                        0x0800464d    0x8  Code  Gb  AdvClasses.o [1]
Tlist<void (*)(void *)>::bump_up_size()
                        0x08002f05    0x8  Code  Gb  AdvClasses.o [1]
Tlist<void (*)(void *)>::clear()
                        0x08002061   0x20  Code  Gb  AdvClasses.o [1]
Tlist<void (*)(void *)>::operator [](int) const
                        0x080020d7   0x32  Code  Gb  AdvClasses.o [1]
Tlist<void (*)(void *)>::pop_front()
                        0x08002ebd   0x34  Code  Gb  AdvClasses.o [1]
Tlist<void (*)(void *)>::push_back(void (*)(void *))
                        0x0800208f   0x44  Code  Gb  AdvClasses.o [1]
Tlist<void (*)(void *)>::size()
                        0x080020d3    0x4  Code  Gb  AdvClasses.o [1]
Tlist<void (*)(void *)>::~Tlist()
                        0x08002081    0xe  Code  Gb  AdvClasses.o [1]
Tlist_item<IDetector *>::Tlist_item(IDetector *)
                        0x08004483    0xc  Code  Gb  AdvClasses.o [1]
Tlist_item<IDetector *>::next()
                        0x08002f59    0x4  Code  Gb  AdvClasses.o [1]
Tlist_item<IDetector *>::next(Tlist_item<IDetector *>*)
                        0x0800448f    0x4  Code  Gb  AdvClasses.o [1]
Tlist_item<IDetector *>::prev(Tlist_item<IDetector *>*)
                        0x08004493    0x4  Code  Gb  AdvClasses.o [1]
Tlist_item<IDetector *>::value()
                        0x08002f55    0x4  Code  Gb  AdvClasses.o [1]
Tlist_item<TCmdMessage *>::next()
                        0x080049d9    0x4  Code  Gb  AdvClasses.o [1]
Tlist_item<TCmd_msg *>::next()
                        0x0800493f    0x4  Code  Gb  AdvClasses.o [1]
Tlist_item<TMamStruct *>::Tlist_item(TMamStruct *)
                        0x0800456f    0xc  Code  Gb  AdvClasses.o [1]
Tlist_item<TMamStruct *>::next(Tlist_item<TMamStruct *>*)
                        0x0800457b    0x4  Code  Gb  AdvClasses.o [1]
Tlist_item<TMamStruct *>::prev(Tlist_item<TMamStruct *>*)
                        0x0800457f    0x4  Code  Gb  AdvClasses.o [1]
Tlist_item<string>::next()
                        0x0800494b    0x4  Code  Gb  AdvClasses.o [1]
Tlist_item<string>::~Tlist_item()
                        0x08004957    0xe  Code  Gb  AdvClasses.o [1]
Tlist_item<void (*)(void *)>::Tlist_item(void (*)(void *))
                        0x08002ef1    0xc  Code  Gb  AdvClasses.o [1]
Tlist_item<void (*)(void *)>::next()
                        0x08002f11    0x4  Code  Gb  AdvClasses.o [1]
Tlist_item<void (*)(void *)>::next(Tlist_item<void (*)(void *)>*)
                        0x08002efd    0x4  Code  Gb  AdvClasses.o [1]
Tlist_item<void (*)(void *)>::prev(Tlist_item<void (*)(void *)>*)
                        0x08002f01    0x4  Code  Gb  AdvClasses.o [1]
Tlist_item<void (*)(void *)>::value()
                        0x08002f0d    0x4  Code  Gb  AdvClasses.o [1]
USART1_IRQHandler()     0x08001287   0x1a  Code  Gb  AdvClasses.o [1]
USART2_IRQHandler()     0x08001db3    0x2  Code  Wk  AdvClasses.o [1]
USART3_IRQHandler()     0x08001db3    0x2  Code  Wk  AdvClasses.o [1]
Uin                     0x20001f40    0x4  Data  Gb  AdvClasses.o [1]
UsageFault_Handler()    0x08001db9    0x2  Code  Gb  AdvClasses.o [1]
Virtual function table for IDetector
                        0x08004aa8   0x14  Data  Gb  AdvClasses.o [1]
Virtual function table for TCmd_msg
                        0x080049e4   0x30  Data  Gb  AdvClasses.o [1]
Virtual function table for TCurrentDetector
                        0x08004ad0   0x14  Data  Gb  AdvClasses.o [1]
Virtual function table for TTimer
                        0x08004abc   0x14  Data  Gb  AdvClasses.o [1]
Virtual function table for TVoltageDetector
                        0x08004ae4   0x14  Data  Gb  AdvClasses.o [1]
WWDG_IRQHandler()       0x08001db3    0x2  Code  Wk  AdvClasses.o [1]
WdiTimer                0x20001efc    0xc  Data  Gb  AdvClasses.o [1]
Word64::Add(unsigned int)
                        0x0800445f   0x22  Code  Gb  AdvClasses.o [1]
Word64::Compare(Word64*)
                        0x0800449f   0x1e  Code  Gb  AdvClasses.o [1]
Word64::Word64()        0x08001ee1    0xa  Code  Gb  AdvClasses.o [1]
Word64::operator =(const Word64&)
                        0x08004455    0xa  Code  Gb  AdvClasses.o [1]
Word64::~Word64()       0x08004481    0x2  Code  Gb  AdvClasses.o [1]
_Nomemory()             0x08002f5d    0x4  Code  Gb  nomemory.o [4]
_String_base::_Xlen() const
                        0x080045b3    0x2  Code  Gb  string1.o [4]
_String_base::_Xran() const
                        0x080045b5    0x2  Code  Gb  string1.o [4]
_String_val::_String_val(char_allocator)
                        0x080045a7    0xc  Code  Gb  AdvClasses.o [1]
_String_val::_String_val(char_allocator) [subobject]
                        0x08002c79    0xc  Code  Gb  AdvClasses.o [1]
__aeabi_atexit          0x08001ed1    0xa  Code  Gb  cxxabi.o [4]
__aeabi_cdcmpeq         0x080022ad         Code  Gb  DblCmpEq.o [5]
__aeabi_cfcmpeq         0x08002b81         Code  Gb  FltCmpEq.o [5]
__aeabi_cfcmple         0x080025cd         Code  Gb  FltCmpLe.o [5]
__aeabi_cfrcmple        0x0800271d         Code  Gb  FltCmpGe.o [5]
__aeabi_d2f             0x080029f5         Code  Gb  DblToFlt.o [5]
__aeabi_d2iz            0x08002525         Code  Gb  DblToI32.o [5]
__aeabi_ddiv            0x080022cd         Code  Gb  DblDiv.o [5]
__aeabi_dmul            0x08002109         Code  Gb  DblMul.o [5]
__aeabi_f2d             0x080029a5         Code  Gb  FltToDbl.o [5]
__aeabi_fadd            0x080044bd         Code  Gb  FltAdd.o [5]
__aeabi_fdiv            0x08002a85         Code  Gb  FltDiv.o [5]
__aeabi_fmul            0x08002645         Code  Gb  FltMul.o [5]
__aeabi_i2f             0x0800259d         Code  Gb  I32ToFlt.o [5]
__aeabi_ui2d            0x08002989         Code  Gb  I32ToDbl.o [5]
__aeabi_vec_ctor_nocookie_nodtor
                        0x08001e89   0x22  Code  Gb  cxxabi.o [4]
__aeabi_vec_new_cookie_nodtor
                        0x08001eab   0x20  Code  Gb  cxxabi.o [4]
__call_ctors            0x08002ba9   0x18  Code  Gb  cppinit.o [3]
__call_dtors            0x08002bf7    0x2  Code  Gb  cppinit.o [3]
__cexit_call_dtors      0x08004807         Code  Gb  cexit.o [6]
__cmain                 0x0800458d         Code  Gb  cmain.o [6]
__cstart_call_dtors     0x08004b3c         Data  Gb  cstart_call_dtors.o [6]
__cxa_atexit            0x08002bc1   0x36  Code  Gb  cppinit.o [3]
__cxa_finalize          0x08002bf9   0x36  Code  Gb  cppinit.o [3]
__cxa_pure_virtual      0x08004b35    0x4  Code  Gb  xpurevirtual.o [3]
__data_GetMemChunk      0x08004669   0x2c  Code  Gb  xgetmemchunk.o [3]
__data_GetMemChunk::start
                        0x20001f50    0x4  Data  Lc  xgetmemchunk.o [3]
__dso_handle            0x20001f48    0x4  Data  Gb  cppinit.o [3]
__exit                  0x080047f1   0x14  Code  Gb  exit.o [7]
__iar_New_hand          0x20001f4c    0x4  Data  Gb  new.o [4]
__iar_copy_init3        0x08004a15   0x2c  Code  Gb  copy_init3.o [6]
__iar_cstart_call_ctors
                        0x08004a89   0x20  Code  Gb  cmain_call_ctors.o [6]
__iar_d2uiz             0x08002551         Code  Gb  DblToI32.o [5]
__iar_data_init3        0x0800478d   0x28  Code  Gb  data_init.o [6]
__iar_dlfree            0x08003f33  0x51a  Code  Gb  dlmalloc.o [3]
__iar_dlmalloc          0x08003c7d  0x2aa  Code  Gb  dlmalloc.o [3]
__iar_fadd              0x080044cd         Code  Gb  FltAdd.o [5]
__iar_fsub              0x08004695         Code  Gb  FltSub.o [5]
__iar_fsubStart         0x080046a5         Code  Gb  FltSub.o [5]
__iar_program_start     0x08002b9d         Code  Gb  cstartup_M.o [6]
__iar_ui2d              0x0800298d         Code  Gb  I32ToDbl.o [5]
__iar_ui2f              0x080025b1         Code  Gb  I32ToFlt.o [5]
__iar_unaligned___aeabi_memcpy
                        0x08001fd5         Code  Gb  ABImemcpy_unaligned.o [6]
__iar_unaligned___aeabi_memcpy4
                        0x08001ff5         Code  Gb  ABImemcpy_unaligned.o [6]
__iar_unaligned___aeabi_memcpy8
                        0x08001ff5         Code  Gb  ABImemcpy_unaligned.o [6]
__iar_unaligned___aeabi_memmove
                        0x080045d5         Code  Gb  ABImemmove_unaligned.o [6]
__iar_unaligned___aeabi_memmove4
                        0x080045d5         Code  Gb  ABImemmove_unaligned.o [6]
__iar_unaligned___aeabi_memmove8
                        0x080045d5         Code  Gb  ABImemmove_unaligned.o [6]
__iar_zero_init3        0x08004965   0x40  Code  Gb  zero_init3.o [6]
__low_level_init        0x08004787    0x4  Code  Gb  low_level_init.o [3]
__vector_table          0x08000120         Data  Gb  vector_table_M.o [6]
_call_main              0x08004599         Code  Gb  cmain.o [6]
_exit                   0x08004805         Code  Gb  cexit.o [6]
_gm_                    0x20001b58  0x1d8  Data  Lc  dlmalloc.o [3]
_main                   0x080045a3         Code  Gb  cmain.o [6]
abort                   0x08004661    0x6  Code  Gb  abort.o [3]
char_traits::length(char const *)
                        0x08004655    0xc  Code  Gb  AdvClasses.o [1]
cnt                     0x20001f55    0x1  Data  Gb  AdvClasses.o [1]
dac                     0x20001f20    0x4  Data  Gb  AdvClasses.o [1]
exit                    0x080047b5    0x4  Code  Gb  exit.o [3]
init_mparams            0x08002f7d   0x32  Code  Lc  dlmalloc.o [3]
init_top                0x08002faf   0x34  Code  Lc  dlmalloc.o [3]
main                    0x080012a1  0x172  Code  Gb  AdvClasses.o [1]
mparams                 0x20001eb0   0x18  Data  Lc  dlmalloc.o [3]
next_abi_dtor_rec       0x20001f44    0x4  Data  Lc  cppinit.o [3]
operator delete (void *)
                        0x08002f2d    0xa  Code  Gb  delop_0.o [4]
operator delete[] (void *)
                        0x08002597    0x4  Code  Gb  delaop_0.o [4]
operator new (unsigned int)
                        0x08002741   0x24  Code  Gb  newop_0.o [4]
operator new[] (unsigned int)
                        0x08002593    0x4  Code  Gb  newaop_0.o [4]
prepend_alloc           0x08002fe3  0x372  Code  Lc  dlmalloc.o [3]
segment_holding         0x08002f61   0x1c  Code  Lc  dlmalloc.o [3]
string::_Copy(unsigned int, unsigned int)
                        0x08002d9d   0x78  Code  Gb  string.o [4]
string::_Grow(unsigned int, bool)
                        0x08002e15   0x5a  Code  Gb  string.o [4]
string::_Inside(char const *)
                        0x08002e6f   0x20  Code  Gb  string.o [4]
string::_Myptr()        0x080045c5    0xe  Code  Gb  AdvClasses.o [1]
string::_Myptr() const  0x080045b7    0xe  Code  Gb  AdvClasses.o [1]
string::_Tidy(bool, unsigned int)
                        0x08002e8f   0x2e  Code  Gb  string.o [4]
string::assign(char const *)
                        0x08002f15   0x18  Code  Gb  AdvClasses.o [1]
string::assign(char const *, unsigned int)
                        0x08002cf7   0x50  Code  Gb  string.o [4]
string::assign(const string&)
                        0x08002f39   0x1c  Code  Gb  AdvClasses.o [1]
string::assign(const string&, unsigned int, unsigned int)
                        0x08002c85   0x72  Code  Gb  string.o [4]
string::erase(unsigned int, unsigned int)
                        0x08002d47   0x56  Code  Gb  string.o [4]
string::npos            0x08004b30    0x4  Data  Gb  string.o [4]
string::operator =(char const *)
                        0x08002c69   0x10  Code  Gb  AdvClasses.o [1]
string::operator =(const string&)
                        0x080025f1   0x10  Code  Gb  AdvClasses.o [1]
string::string()        0x08001fbb   0x18  Code  Gb  AdvClasses.o [1]
string::string(char const *)
                        0x08002571   0x22  Code  Gb  AdvClasses.o [1]
string::~string()       0x08002601   0x12  Code  Gb  AdvClasses.o [1]
strlen                  0x080047b9         Code  Gb  strlen.o [6]
sys_alloc               0x08003355  0x388  Code  Lc  dlmalloc.o [3]
temp                    0x20001f2c    0x4  Data  Gb  AdvClasses.o [1]
test                    0x20001e94   0x1c  Data  Gb  AdvClasses.o [1]
tmalloc_large           0x080036e9  0x380  Code  Lc  dlmalloc.o [3]
tmalloc_small           0x08003a69  0x206  Code  Lc  dlmalloc.o [3]


[1] = D:\work\$PROJECTS\prj_tech_embedded\IAP\Debug\Obj
[2] = command line
[3] = dl7M_tln.a
[4] = dlpp7M_tl_ne.a
[5] = m7M_tl.a
[6] = rt7M_tl.a
[7] = shb_l.a

  18 751 bytes of readonly  code memory
     509 bytes of readonly  data memory (+ 280 absolute)
   8 021 bytes of readwrite data memory

Errors: none
Warnings: none
